#include <cinttypes>
#include <cstddef>

#include <cstdlib>
#include <functional>

static int __dredd_enabled_mutation() {
  static bool initialized = false;
  static int value;
  if (!initialized) {
    const char* __dredd_environment_variable = std::getenv("DREDD_ENABLED_MUTATION");
    if (__dredd_environment_variable == nullptr) {
      value = -1;
    } else {
      value = atoi(__dredd_environment_variable);
    }
    initialized = true;
  }
  return value;
}

static unsigned long __dredd_replace_binary_operator_Add_unsigned_long_unsigned_long(std::function<unsigned long()> arg1, std::function<unsigned long()> arg2, int mutation_id) {
  switch (__dredd_enabled_mutation() - mutation_id) {
    case 0: return arg1() / arg2();
    case 1: return arg1() * arg2();
    case 2: return arg1() % arg2();
    case 3: return arg1() - arg2();
    case 4: return arg1();
    case 5: return arg2();
    default: return arg1() + arg2();
  }
}

static unsigned int __dredd_replace_binary_operator_Add_unsigned_int_unsigned_int(std::function<unsigned int()> arg1, std::function<unsigned int()> arg2, int mutation_id) {
  switch (__dredd_enabled_mutation() - mutation_id) {
    case 0: return arg1() / arg2();
    case 1: return arg1() * arg2();
    case 2: return arg1() % arg2();
    case 3: return arg1() - arg2();
    case 4: return arg1();
    case 5: return arg2();
    default: return arg1() + arg2();
  }
}

static long __dredd_replace_binary_operator_Add_long_long(std::function<long()> arg1, std::function<long()> arg2, int mutation_id) {
  switch (__dredd_enabled_mutation() - mutation_id) {
    case 0: return arg1() / arg2();
    case 1: return arg1() * arg2();
    case 2: return arg1() % arg2();
    case 3: return arg1() - arg2();
    case 4: return arg1();
    case 5: return arg2();
    default: return arg1() + arg2();
  }
}

static int __dredd_replace_binary_operator_Add_int_int(std::function<int()> arg1, std::function<int()> arg2, int mutation_id) {
  switch (__dredd_enabled_mutation() - mutation_id) {
    case 0: return arg1() / arg2();
    case 1: return arg1() * arg2();
    case 2: return arg1() % arg2();
    case 3: return arg1() - arg2();
    case 4: return arg1();
    case 5: return arg2();
    default: return arg1() + arg2();
  }
}

int main() {
  unsigned a;
  uint32_t b;
  int c;
  int32_t d;
  unsigned long e;
  size_t f;
  long g;
  int64_t h;
  uint64_t i;

  if (__dredd_enabled_mutation() != 54) { __dredd_replace_binary_operator_Add_unsigned_int_unsigned_int([&]() -> unsigned int { return static_cast<unsigned int>(a); }, [&]() -> unsigned int { return static_cast<unsigned int>(a); }, 0); }
  if (__dredd_enabled_mutation() != 55) { __dredd_replace_binary_operator_Add_unsigned_int_unsigned_int([&]() -> unsigned int { return static_cast<unsigned int>(b); }, [&]() -> unsigned int { return static_cast<unsigned int>(b); }, 6); }
  if (__dredd_enabled_mutation() != 56) { __dredd_replace_binary_operator_Add_int_int([&]() -> int { return static_cast<int>(c); }, [&]() -> int { return static_cast<int>(c); }, 12); }
  if (__dredd_enabled_mutation() != 57) { __dredd_replace_binary_operator_Add_int_int([&]() -> int { return static_cast<int>(d); }, [&]() -> int { return static_cast<int>(d); }, 18); }
  if (__dredd_enabled_mutation() != 58) { __dredd_replace_binary_operator_Add_unsigned_long_unsigned_long([&]() -> unsigned long { return static_cast<unsigned long>(e); }, [&]() -> unsigned long { return static_cast<unsigned long>(e); }, 24); }
  if (__dredd_enabled_mutation() != 59) { __dredd_replace_binary_operator_Add_unsigned_long_unsigned_long([&]() -> unsigned long { return static_cast<unsigned long>(f); }, [&]() -> unsigned long { return static_cast<unsigned long>(f); }, 30); }
  if (__dredd_enabled_mutation() != 60) { __dredd_replace_binary_operator_Add_long_long([&]() -> long { return static_cast<long>(g); }, [&]() -> long { return static_cast<long>(g); }, 36); }
  if (__dredd_enabled_mutation() != 61) { __dredd_replace_binary_operator_Add_long_long([&]() -> long { return static_cast<long>(h); }, [&]() -> long { return static_cast<long>(h); }, 42); }
  if (__dredd_enabled_mutation() != 62) { __dredd_replace_binary_operator_Add_unsigned_long_unsigned_long([&]() -> unsigned long { return static_cast<unsigned long>(i); }, [&]() -> unsigned long { return static_cast<unsigned long>(i); }, 48); }
  
}
