#include <inttypes.h>
#include <stdbool.h>
#include <stdlib.h>
#include <string.h>

#ifdef _MSC_VER
#define thread_local __declspec(thread)
#elif __APPLE__
#define thread_local __thread
#else
#include <threads.h>
#endif

static thread_local int __dredd_some_mutation_enabled = 1;
static int __dredd_enabled_mutation(int local_mutation_id) {
  static thread_local int initialized = 0;
  static thread_local uint64_t enabled_bitset[1];
  if (!initialized) {
    int some_mutation_enabled = 0;
    const char* dredd_environment_variable = getenv("DREDD_ENABLED_MUTATION");
    if (dredd_environment_variable) {
      char* temp = malloc(strlen(dredd_environment_variable) + 1);
      strcpy(temp, dredd_environment_variable);
      char* token;
      token = strtok(temp, ",");
      while(token) {
        int value = atoi(token);
        int local_value = value - 0;
        if (local_value >= 0 && local_value < 32) {
          enabled_bitset[local_value / 64] |= (1 << (local_value % 64));
          some_mutation_enabled = 1;
        }
        token = strtok(NULL, ",");
      }
      free(temp);
    }
    initialized = 1;
    __dredd_some_mutation_enabled = some_mutation_enabled;
  }
  return enabled_bitset[local_mutation_id / 64] & (1 << (local_mutation_id % 64));
}

#define MUTATION_RETURN(arg) arg
#define REPLACE_EXPR_INT_ZERO(mutation_id_offset) if (__dredd_enabled_mutation(local_mutation_id + mutation_id_offset)) return 0
#define REPLACE_EXPR_INT_ONE(mutation_id_offset) if (__dredd_enabled_mutation(local_mutation_id + mutation_id_offset)) return 1
#define REPLACE_EXPR_INT_MINUS_ONE(mutation_id_offset) if (__dredd_enabled_mutation(local_mutation_id + mutation_id_offset)) return -1
#define REPLACE_BINARY_XorAssign(mutation_id_offset) if (__dredd_enabled_mutation(local_mutation_id + mutation_id_offset)) return (*arg1) ^= arg2
#define REPLACE_BINARY_SubAssign(mutation_id_offset) if (__dredd_enabled_mutation(local_mutation_id + mutation_id_offset)) return (*arg1) -= arg2
#define REPLACE_BINARY_ShrAssign(mutation_id_offset) if (__dredd_enabled_mutation(local_mutation_id + mutation_id_offset)) return (*arg1) >>= arg2
#define REPLACE_BINARY_ShlAssign(mutation_id_offset) if (__dredd_enabled_mutation(local_mutation_id + mutation_id_offset)) return (*arg1) <<= arg2
#define REPLACE_BINARY_RemAssign(mutation_id_offset) if (__dredd_enabled_mutation(local_mutation_id + mutation_id_offset)) return (*arg1) %= arg2
#define REPLACE_BINARY_OrAssign(mutation_id_offset) if (__dredd_enabled_mutation(local_mutation_id + mutation_id_offset)) return (*arg1) |= arg2
#define REPLACE_BINARY_MulAssign(mutation_id_offset) if (__dredd_enabled_mutation(local_mutation_id + mutation_id_offset)) return (*arg1) *= arg2
#define REPLACE_BINARY_DivAssign(mutation_id_offset) if (__dredd_enabled_mutation(local_mutation_id + mutation_id_offset)) return (*arg1) /= arg2
#define REPLACE_BINARY_AndAssign(mutation_id_offset) if (__dredd_enabled_mutation(local_mutation_id + mutation_id_offset)) return (*arg1) &= arg2
#define REPLACE_BINARY_AddAssign(mutation_id_offset) if (__dredd_enabled_mutation(local_mutation_id + mutation_id_offset)) return (*arg1) += arg2
#define MUTATION_EXPR_NOT(mutation_id_offset) if (__dredd_enabled_mutation(local_mutation_id + mutation_id_offset)) return ~(arg)
#define MUTATION_EXPR_MINUS(mutation_id_offset) if (__dredd_enabled_mutation(local_mutation_id + mutation_id_offset)) return -(arg)
#define MUTATION_PRELUDE(arg) if (!__dredd_some_mutation_enabled) return arg
static int __dredd_replace_expr_int_constant(int arg, int local_mutation_id) {
  MUTATION_PRELUDE(arg);
  MUTATION_EXPR_NOT(0);
  MUTATION_EXPR_MINUS(1);
  REPLACE_EXPR_INT_ZERO(2);
  REPLACE_EXPR_INT_ONE(3);
  REPLACE_EXPR_INT_MINUS_ONE(4);
  return MUTATION_RETURN(arg);
}

static int __dredd_replace_binary_operator_Assign_arg1_volatile_int_arg2_int(volatile int* arg1, int arg2, int local_mutation_id) {
  MUTATION_PRELUDE((*arg1) = arg2);
  REPLACE_BINARY_AddAssign(0);
  REPLACE_BINARY_AndAssign(1);
  REPLACE_BINARY_DivAssign(2);
  REPLACE_BINARY_MulAssign(3);
  REPLACE_BINARY_OrAssign(4);
  REPLACE_BINARY_RemAssign(5);
  REPLACE_BINARY_ShlAssign(6);
  REPLACE_BINARY_ShrAssign(7);
  REPLACE_BINARY_SubAssign(8);
  REPLACE_BINARY_XorAssign(9);
  return MUTATION_RETURN((*arg1) = arg2);
}

static int __dredd_replace_binary_operator_Assign_arg1_int_arg2_int(int* arg1, int arg2, int local_mutation_id) {
  MUTATION_PRELUDE((*arg1) = arg2);
  REPLACE_BINARY_AddAssign(0);
  REPLACE_BINARY_AndAssign(1);
  REPLACE_BINARY_DivAssign(2);
  REPLACE_BINARY_MulAssign(3);
  REPLACE_BINARY_OrAssign(4);
  REPLACE_BINARY_RemAssign(5);
  REPLACE_BINARY_ShlAssign(6);
  REPLACE_BINARY_ShrAssign(7);
  REPLACE_BINARY_SubAssign(8);
  REPLACE_BINARY_XorAssign(9);
  return MUTATION_RETURN((*arg1) = arg2);
}

int main() {
  int x;
  volatile int y;
  if (!__dredd_enabled_mutation(15)) { __dredd_replace_binary_operator_Assign_arg1_int_arg2_int(&(x) , __dredd_replace_expr_int_constant(2, 0), 5); }
  if (!__dredd_enabled_mutation(31)) { __dredd_replace_binary_operator_Assign_arg1_volatile_int_arg2_int(&(y) , __dredd_replace_expr_int_constant(4, 16), 21); }
}
