#include <cstdlib>
#include <functional>

static bool __dredd_enabled_mutation(int local_mutation_id) {
  static bool initialized = false;
  static bool enabled[1];
  if (!initialized) {
    const char* __dredd_environment_variable = std::getenv("DREDD_ENABLED_MUTATION");
    if (__dredd_environment_variable != nullptr) {
      int value = atoi(__dredd_environment_variable);
      int local_value = value - 0;
      if (local_value >= 0 && local_value < 1) {
        enabled[local_value] = true;
      }
    }
    initialized = true;
  }
  return enabled[local_mutation_id];
}

int main() {
  if (!__dredd_enabled_mutation(0)) { return 0; }
}
