#include <cinttypes>
#include <cstdlib>
#include <functional>

static bool __dredd_enabled_mutation(int local_mutation_id) {
  static bool initialized = false;
  static uint64_t enabled_bitset[1];
  if (!initialized) {
    const char* __dredd_environment_variable = std::getenv("DREDD_ENABLED_MUTATION");
    if (__dredd_environment_variable != nullptr) {
      int value = atoi(__dredd_environment_variable);
      int local_value = value - 0;
      if (local_value >= 0 && local_value < 1) {
        enabled_bitset[local_value / 64] |= (1 << (local_value % 64));
      }
    }
    initialized = true;
  }
  return (enabled_bitset[local_mutation_id / 64] & (1 << (local_mutation_id % 64))) != 0;
}

int main() {
  if (!__dredd_enabled_mutation(0)) { return 0; }
}
