#include <inttypes.h>
#include <stdlib.h>
#include <string.h>

#ifdef _MSC_VER
#define thread_local __declspec(thread)
#elsif __APPLE__
#define thread_local __thread
#else
#include <threads.h>
#endif

static thread_local int __dredd_some_mutation_enabled = 1;
static int __dredd_enabled_mutation(int local_mutation_id) {
  static thread_local int initialized = 0;
  static thread_local uint64_t enabled_bitset[3];
  if (!initialized) {
    int some_mutation_enabled = 0;
    const char* dredd_environment_variable = getenv("DREDD_ENABLED_MUTATION");
    if (dredd_environment_variable) {
      char* temp = malloc(strlen(dredd_environment_variable) + 1);
      strcpy(temp, dredd_environment_variable);
      char* token;
      token = strtok(temp, ",");
      while(token) {
        int value = atoi(token);
        int local_value = value - 0;
        if (local_value >= 0 && local_value < 135) {
          enabled_bitset[local_value / 64] |= (1 << (local_value % 64));
          some_mutation_enabled = 1;
        }
        token = strtok(NULL, ",");
      }
      free(temp);
    }
    initialized = 1;
    __dredd_some_mutation_enabled = some_mutation_enabled;
  }
  return enabled_bitset[local_mutation_id / 64] & (1 << (local_mutation_id % 64));
}

static int __dredd_replace_expr_int_zero(int arg, int local_mutation_id) {
  if (!__dredd_some_mutation_enabled) return arg;
  if (__dredd_enabled_mutation(local_mutation_id + 0)) return 1;
  if (__dredd_enabled_mutation(local_mutation_id + 1)) return -1;
  return arg;
}

static int __dredd_replace_expr_int_one(int arg, int local_mutation_id) {
  if (!__dredd_some_mutation_enabled) return arg;
  if (__dredd_enabled_mutation(local_mutation_id + 0)) return ~(arg);
  if (__dredd_enabled_mutation(local_mutation_id + 1)) return 0;
  if (__dredd_enabled_mutation(local_mutation_id + 2)) return -1;
  return arg;
}

static int __dredd_replace_expr_int_minus_one(int arg, int local_mutation_id) {
  if (!__dredd_some_mutation_enabled) return arg;
  if (__dredd_enabled_mutation(local_mutation_id + 0)) return 0;
  if (__dredd_enabled_mutation(local_mutation_id + 1)) return 1;
  return arg;
}

static int __dredd_replace_binary_operator_Assign_int_int(int* arg1, int arg2, int local_mutation_id) {
  if (!__dredd_some_mutation_enabled) return (*arg1) = arg2;
  if (__dredd_enabled_mutation(local_mutation_id + 0)) return (*arg1) += arg2;
  if (__dredd_enabled_mutation(local_mutation_id + 1)) return (*arg1) &= arg2;
  if (__dredd_enabled_mutation(local_mutation_id + 2)) return (*arg1) /= arg2;
  if (__dredd_enabled_mutation(local_mutation_id + 3)) return (*arg1) *= arg2;
  if (__dredd_enabled_mutation(local_mutation_id + 4)) return (*arg1) |= arg2;
  if (__dredd_enabled_mutation(local_mutation_id + 5)) return (*arg1) %= arg2;
  if (__dredd_enabled_mutation(local_mutation_id + 6)) return (*arg1) <<= arg2;
  if (__dredd_enabled_mutation(local_mutation_id + 7)) return (*arg1) >>= arg2;
  if (__dredd_enabled_mutation(local_mutation_id + 8)) return (*arg1) -= arg2;
  if (__dredd_enabled_mutation(local_mutation_id + 9)) return (*arg1) ^= arg2;
  return (*arg1) = arg2;
}

static int __dredd_replace_binary_operator_Add_int_int_rhs_zero_lhs_zero(int arg1, int arg2, int local_mutation_id) {
  if (!__dredd_some_mutation_enabled) return arg1 + arg2;
  if (__dredd_enabled_mutation(local_mutation_id + 0)) return arg1 / arg2;
  return arg1 + arg2;
}

static int __dredd_replace_binary_operator_Add_int_int_rhs_zero_lhs_one(int arg1, int arg2, int local_mutation_id) {
  if (!__dredd_some_mutation_enabled) return arg1 + arg2;
  if (__dredd_enabled_mutation(local_mutation_id + 0)) return arg1 / arg2;
  return arg1 + arg2;
}

static int __dredd_replace_binary_operator_Add_int_int_rhs_zero_lhs_minus_one(int arg1, int arg2, int local_mutation_id) {
  if (!__dredd_some_mutation_enabled) return arg1 + arg2;
  if (__dredd_enabled_mutation(local_mutation_id + 0)) return arg1 / arg2;
  return arg1 + arg2;
}

static int __dredd_replace_binary_operator_Add_int_int_rhs_one_lhs_minus_one(int arg1, int arg2, int local_mutation_id) {
  if (!__dredd_some_mutation_enabled) return arg1 + arg2;
  if (__dredd_enabled_mutation(local_mutation_id + 0)) return arg1 % arg2;
  if (__dredd_enabled_mutation(local_mutation_id + 1)) return arg1 - arg2;
  return arg1 + arg2;
}

static int __dredd_replace_binary_operator_Add_int_int_rhs_minus_one_lhs_zero(int arg1, int arg2, int local_mutation_id) {
  if (!__dredd_some_mutation_enabled) return arg1 + arg2;
  if (__dredd_enabled_mutation(local_mutation_id + 0)) return arg1 - arg2;
  return arg1 + arg2;
}

static int __dredd_replace_binary_operator_Add_int_int_rhs_minus_one_lhs_one(int arg1, int arg2, int local_mutation_id) {
  if (!__dredd_some_mutation_enabled) return arg1 + arg2;
  if (__dredd_enabled_mutation(local_mutation_id + 0)) return arg1 / arg2;
  if (__dredd_enabled_mutation(local_mutation_id + 1)) return arg1 % arg2;
  if (__dredd_enabled_mutation(local_mutation_id + 2)) return arg1 - arg2;
  return arg1 + arg2;
}

int main() {
  int x = __dredd_replace_expr_int_zero(__dredd_replace_binary_operator_Add_int_int_rhs_zero_lhs_zero(__dredd_replace_expr_int_zero(0, 0) , __dredd_replace_expr_int_zero(0, 2), 4), 5);
  if (!__dredd_enabled_mutation(25)) { __dredd_replace_binary_operator_Assign_int_int(&(x) , __dredd_replace_expr_int_one(__dredd_replace_expr_int_zero(0, 7) + __dredd_replace_expr_int_one(1, 9), 12), 15); }
  if (!__dredd_enabled_mutation(45)) { __dredd_replace_binary_operator_Assign_int_int(&(x) , __dredd_replace_expr_int_one(__dredd_replace_binary_operator_Add_int_int_rhs_zero_lhs_one(__dredd_replace_expr_int_one(1, 26) , __dredd_replace_expr_int_zero(0, 29), 31), 32), 35); }
  if (!__dredd_enabled_mutation(66)) { __dredd_replace_binary_operator_Assign_int_int(&(x) , __dredd_replace_expr_int_minus_one(__dredd_replace_binary_operator_Add_int_int_rhs_minus_one_lhs_zero(__dredd_replace_expr_int_zero(0, 46) , __dredd_replace_expr_int_minus_one(-__dredd_replace_expr_int_one(1, 48), 51), 53), 54), 56); }
  if (!__dredd_enabled_mutation(87)) { __dredd_replace_binary_operator_Assign_int_int(&(x) , __dredd_replace_expr_int_minus_one(__dredd_replace_binary_operator_Add_int_int_rhs_zero_lhs_minus_one(__dredd_replace_expr_int_minus_one(-__dredd_replace_expr_int_one(1, 67), 70) , __dredd_replace_expr_int_zero(0, 72), 74), 75), 77); }
  if (!__dredd_enabled_mutation(111)) { __dredd_replace_binary_operator_Assign_int_int(&(x) , __dredd_replace_expr_int_zero(__dredd_replace_binary_operator_Add_int_int_rhs_minus_one_lhs_one(__dredd_replace_expr_int_one(1, 88) , __dredd_replace_expr_int_minus_one(-__dredd_replace_expr_int_one(1, 91), 94), 96), 99), 101); }
  if (!__dredd_enabled_mutation(134)) { __dredd_replace_binary_operator_Assign_int_int(&(x) , __dredd_replace_expr_int_zero(__dredd_replace_binary_operator_Add_int_int_rhs_one_lhs_minus_one(__dredd_replace_expr_int_minus_one(-__dredd_replace_expr_int_one(1, 112), 115) , __dredd_replace_expr_int_one(1, 117), 120), 122), 124); }
}
