#include <cinttypes>
#include <cstddef>
#include <functional>
#include <string>


#ifdef _MSC_VER
#define thread_local __declspec(thread)
#elif __APPLE__
#define thread_local __thread
#endif

static thread_local bool __dredd_some_mutation_enabled = true;
static bool __dredd_enabled_mutation(int local_mutation_id) {
  static thread_local bool initialized = false;
  static thread_local uint64_t enabled_bitset[3];
  if (!initialized) {
    bool some_mutation_enabled = false;
    const char* dredd_environment_variable = std::getenv("DREDD_ENABLED_MUTATION");
    if (dredd_environment_variable != nullptr) {
      std::string contents(dredd_environment_variable);
      while (true) {
        size_t pos = contents.find(",");
        std::string token = (pos == std::string::npos ? contents : contents.substr(0, pos));
        if (!token.empty()) {
          int value = std::stoi(token);
          int local_value = value - 0;
          if (local_value >= 0 && local_value < 135) {
            enabled_bitset[local_value / 64] |= (1 << (local_value % 64));
            some_mutation_enabled = true;
          }
        }
        if (pos == std::string::npos) {
          break;
        }
        contents.erase(0, pos + 1);
      }
    }
    initialized = true;
    __dredd_some_mutation_enabled = some_mutation_enabled;
  }
  return (enabled_bitset[local_mutation_id / 64] & (1 << (local_mutation_id % 64))) != 0;
}

static int& __dredd_replace_binary_operator_Assign_int_int(int& arg1, int arg2, int local_mutation_id) {
  if (!__dredd_some_mutation_enabled) return arg1 = arg2;
  if (__dredd_enabled_mutation(local_mutation_id + 0)) return arg1 += arg2;
  if (__dredd_enabled_mutation(local_mutation_id + 1)) return arg1 &= arg2;
  if (__dredd_enabled_mutation(local_mutation_id + 2)) return arg1 /= arg2;
  if (__dredd_enabled_mutation(local_mutation_id + 3)) return arg1 *= arg2;
  if (__dredd_enabled_mutation(local_mutation_id + 4)) return arg1 |= arg2;
  if (__dredd_enabled_mutation(local_mutation_id + 5)) return arg1 %= arg2;
  if (__dredd_enabled_mutation(local_mutation_id + 6)) return arg1 <<= arg2;
  if (__dredd_enabled_mutation(local_mutation_id + 7)) return arg1 >>= arg2;
  if (__dredd_enabled_mutation(local_mutation_id + 8)) return arg1 -= arg2;
  if (__dredd_enabled_mutation(local_mutation_id + 9)) return arg1 ^= arg2;
  return arg1 = arg2;
}

static int __dredd_replace_expr_int_zero(std::function<int()> arg, int local_mutation_id) {
  if (!__dredd_some_mutation_enabled) return arg();
  if (__dredd_enabled_mutation(local_mutation_id + 0)) return 1;
  if (__dredd_enabled_mutation(local_mutation_id + 1)) return -1;
  return arg();
}

static int __dredd_replace_expr_int_one(std::function<int()> arg, int local_mutation_id) {
  if (!__dredd_some_mutation_enabled) return arg();
  if (__dredd_enabled_mutation(local_mutation_id + 0)) return ~(arg());
  if (__dredd_enabled_mutation(local_mutation_id + 1)) return 0;
  if (__dredd_enabled_mutation(local_mutation_id + 2)) return -1;
  return arg();
}

static int __dredd_replace_expr_int_minus_one(std::function<int()> arg, int local_mutation_id) {
  if (!__dredd_some_mutation_enabled) return arg();
  if (__dredd_enabled_mutation(local_mutation_id + 0)) return 0;
  if (__dredd_enabled_mutation(local_mutation_id + 1)) return 1;
  return arg();
}

static int __dredd_replace_binary_operator_Add_int_int_rhs_zero_lhs_zero(int arg1, int arg2, int local_mutation_id) {
  if (!__dredd_some_mutation_enabled) return arg1 + arg2;
  if (__dredd_enabled_mutation(local_mutation_id + 0)) return arg1 / arg2;
  return arg1 + arg2;
}

static int __dredd_replace_binary_operator_Add_int_int_rhs_zero_lhs_one(int arg1, int arg2, int local_mutation_id) {
  if (!__dredd_some_mutation_enabled) return arg1 + arg2;
  if (__dredd_enabled_mutation(local_mutation_id + 0)) return arg1 / arg2;
  return arg1 + arg2;
}

static int __dredd_replace_binary_operator_Add_int_int_rhs_zero_lhs_minus_one(int arg1, int arg2, int local_mutation_id) {
  if (!__dredd_some_mutation_enabled) return arg1 + arg2;
  if (__dredd_enabled_mutation(local_mutation_id + 0)) return arg1 / arg2;
  return arg1 + arg2;
}

static int __dredd_replace_binary_operator_Add_int_int_rhs_one_lhs_minus_one(int arg1, int arg2, int local_mutation_id) {
  if (!__dredd_some_mutation_enabled) return arg1 + arg2;
  if (__dredd_enabled_mutation(local_mutation_id + 0)) return arg1 % arg2;
  if (__dredd_enabled_mutation(local_mutation_id + 1)) return arg1 - arg2;
  return arg1 + arg2;
}

static int __dredd_replace_binary_operator_Add_int_int_rhs_minus_one_lhs_zero(int arg1, int arg2, int local_mutation_id) {
  if (!__dredd_some_mutation_enabled) return arg1 + arg2;
  if (__dredd_enabled_mutation(local_mutation_id + 0)) return arg1 - arg2;
  return arg1 + arg2;
}

static int __dredd_replace_binary_operator_Add_int_int_rhs_minus_one_lhs_one(int arg1, int arg2, int local_mutation_id) {
  if (!__dredd_some_mutation_enabled) return arg1 + arg2;
  if (__dredd_enabled_mutation(local_mutation_id + 0)) return arg1 / arg2;
  if (__dredd_enabled_mutation(local_mutation_id + 1)) return arg1 % arg2;
  if (__dredd_enabled_mutation(local_mutation_id + 2)) return arg1 - arg2;
  return arg1 + arg2;
}

int main() {
  int x = __dredd_replace_expr_int_zero([&]() -> int { return __dredd_replace_binary_operator_Add_int_int_rhs_zero_lhs_zero(__dredd_replace_expr_int_zero([&]() -> int { return 0; }, 0) , __dredd_replace_expr_int_zero([&]() -> int { return 0; }, 2), 4); }, 5);
  if (!__dredd_enabled_mutation(25)) { __dredd_replace_binary_operator_Assign_int_int(x , __dredd_replace_expr_int_one([&]() -> int { return __dredd_replace_expr_int_zero([&]() -> int { return 0; }, 7) + __dredd_replace_expr_int_one([&]() -> int { return 1; }, 9); }, 12), 15); }
  if (!__dredd_enabled_mutation(45)) { __dredd_replace_binary_operator_Assign_int_int(x , __dredd_replace_expr_int_one([&]() -> int { return __dredd_replace_binary_operator_Add_int_int_rhs_zero_lhs_one(__dredd_replace_expr_int_one([&]() -> int { return 1; }, 26) , __dredd_replace_expr_int_zero([&]() -> int { return 0; }, 29), 31); }, 32), 35); }
  if (!__dredd_enabled_mutation(66)) { __dredd_replace_binary_operator_Assign_int_int(x , __dredd_replace_expr_int_minus_one([&]() -> int { return __dredd_replace_binary_operator_Add_int_int_rhs_minus_one_lhs_zero(__dredd_replace_expr_int_zero([&]() -> int { return 0; }, 46) , __dredd_replace_expr_int_minus_one([&]() -> int { return -__dredd_replace_expr_int_one([&]() -> int { return 1; }, 48); }, 51), 53); }, 54), 56); }
  if (!__dredd_enabled_mutation(87)) { __dredd_replace_binary_operator_Assign_int_int(x , __dredd_replace_expr_int_minus_one([&]() -> int { return __dredd_replace_binary_operator_Add_int_int_rhs_zero_lhs_minus_one(__dredd_replace_expr_int_minus_one([&]() -> int { return -__dredd_replace_expr_int_one([&]() -> int { return 1; }, 67); }, 70) , __dredd_replace_expr_int_zero([&]() -> int { return 0; }, 72), 74); }, 75), 77); }
  if (!__dredd_enabled_mutation(111)) { __dredd_replace_binary_operator_Assign_int_int(x , __dredd_replace_expr_int_zero([&]() -> int { return __dredd_replace_binary_operator_Add_int_int_rhs_minus_one_lhs_one(__dredd_replace_expr_int_one([&]() -> int { return 1; }, 88) , __dredd_replace_expr_int_minus_one([&]() -> int { return -__dredd_replace_expr_int_one([&]() -> int { return 1; }, 91); }, 94), 96); }, 99), 101); }
  if (!__dredd_enabled_mutation(134)) { __dredd_replace_binary_operator_Assign_int_int(x , __dredd_replace_expr_int_zero([&]() -> int { return __dredd_replace_binary_operator_Add_int_int_rhs_one_lhs_minus_one(__dredd_replace_expr_int_minus_one([&]() -> int { return -__dredd_replace_expr_int_one([&]() -> int { return 1; }, 112); }, 115) , __dredd_replace_expr_int_one([&]() -> int { return 1; }, 117), 120); }, 122), 124); }
}
