#include <inttypes.h>
#include <stdbool.h>
#include <stdlib.h>
#include <string.h>

#ifdef _MSC_VER
#define thread_local __declspec(thread)
#elif __APPLE__
#define thread_local __thread
#else
#include <threads.h>
#endif

static thread_local int __dredd_some_mutation_enabled = 1;
static int __dredd_enabled_mutation(int local_mutation_id) {
  static thread_local int initialized = 0;
  static thread_local uint64_t enabled_bitset[5];
  if (!initialized) {
    int some_mutation_enabled = 0;
    const char* dredd_environment_variable = getenv("DREDD_ENABLED_MUTATION");
    if (dredd_environment_variable) {
      char* temp = malloc(strlen(dredd_environment_variable) + 1);
      strcpy(temp, dredd_environment_variable);
      char* token;
      token = strtok(temp, ",");
      while(token) {
        int value = atoi(token);
        int local_value = value - 0;
        if (local_value >= 0 && local_value < 306) {
          enabled_bitset[local_value / 64] |= (1 << (local_value % 64));
          some_mutation_enabled = 1;
        }
        token = strtok(NULL, ",");
      }
      free(temp);
    }
    initialized = 1;
    __dredd_some_mutation_enabled = some_mutation_enabled;
  }
  return enabled_bitset[local_mutation_id / 64] & (1 << (local_mutation_id % 64));
}

#define MUTATION_RETURN(arg) arg
#define REPLACE_UNARY_Not(mutation_id_offset) if (__dredd_enabled_mutation(local_mutation_id + mutation_id_offset)) return ~arg
#define REPLACE_UNARY_LNot(mutation_id_offset) if (__dredd_enabled_mutation(local_mutation_id + mutation_id_offset)) return !arg
#define REPLACE_UNARY_ARG(mutation_id_offset) if (__dredd_enabled_mutation(local_mutation_id + mutation_id_offset)) return arg
#define REPLACE_EXPR_INT_ZERO(mutation_id_offset) if (__dredd_enabled_mutation(local_mutation_id + mutation_id_offset)) return 0
#define REPLACE_EXPR_INT_ONE(mutation_id_offset) if (__dredd_enabled_mutation(local_mutation_id + mutation_id_offset)) return 1
#define REPLACE_EXPR_INT_MINUS_ONE(mutation_id_offset) if (__dredd_enabled_mutation(local_mutation_id + mutation_id_offset)) return -1
#define REPLACE_BINARY_XorAssign(mutation_id_offset) if (__dredd_enabled_mutation(local_mutation_id + mutation_id_offset)) return (*arg1) ^= arg2
#define REPLACE_BINARY_SubAssign(mutation_id_offset) if (__dredd_enabled_mutation(local_mutation_id + mutation_id_offset)) return (*arg1) -= arg2
#define REPLACE_BINARY_Sub(mutation_id_offset) if (__dredd_enabled_mutation(local_mutation_id + mutation_id_offset)) return arg1 - arg2
#define REPLACE_BINARY_ShrAssign(mutation_id_offset) if (__dredd_enabled_mutation(local_mutation_id + mutation_id_offset)) return (*arg1) >>= arg2
#define REPLACE_BINARY_ShlAssign(mutation_id_offset) if (__dredd_enabled_mutation(local_mutation_id + mutation_id_offset)) return (*arg1) <<= arg2
#define REPLACE_BINARY_RemAssign(mutation_id_offset) if (__dredd_enabled_mutation(local_mutation_id + mutation_id_offset)) return (*arg1) %= arg2
#define REPLACE_BINARY_Rem(mutation_id_offset) if (__dredd_enabled_mutation(local_mutation_id + mutation_id_offset)) return arg1 % arg2
#define REPLACE_BINARY_OrAssign(mutation_id_offset) if (__dredd_enabled_mutation(local_mutation_id + mutation_id_offset)) return (*arg1) |= arg2
#define REPLACE_BINARY_MulAssign(mutation_id_offset) if (__dredd_enabled_mutation(local_mutation_id + mutation_id_offset)) return (*arg1) *= arg2
#define REPLACE_BINARY_Mul(mutation_id_offset) if (__dredd_enabled_mutation(local_mutation_id + mutation_id_offset)) return arg1 * arg2
#define REPLACE_BINARY_DivAssign(mutation_id_offset) if (__dredd_enabled_mutation(local_mutation_id + mutation_id_offset)) return (*arg1) /= arg2
#define REPLACE_BINARY_Div(mutation_id_offset) if (__dredd_enabled_mutation(local_mutation_id + mutation_id_offset)) return arg1 / arg2
#define REPLACE_BINARY_AndAssign(mutation_id_offset) if (__dredd_enabled_mutation(local_mutation_id + mutation_id_offset)) return (*arg1) &= arg2
#define REPLACE_BINARY_AddAssign(mutation_id_offset) if (__dredd_enabled_mutation(local_mutation_id + mutation_id_offset)) return (*arg1) += arg2
#define REPLACE_BINARY_ARG2(mutation_id_offset) if (__dredd_enabled_mutation(local_mutation_id + mutation_id_offset)) return arg2
#define REPLACE_BINARY_ARG1(mutation_id_offset) if (__dredd_enabled_mutation(local_mutation_id + mutation_id_offset)) return arg1
#define MUTATION_EXPR_NOT(mutation_id_offset) if (__dredd_enabled_mutation(local_mutation_id + mutation_id_offset)) return ~(arg)
#define MUTATION_EXPR_MINUS(mutation_id_offset) if (__dredd_enabled_mutation(local_mutation_id + mutation_id_offset)) return -(arg)
#define MUTATION_EXPR_LNOT(mutation_id_offset) if (__dredd_enabled_mutation(local_mutation_id + mutation_id_offset)) return !(arg)
#define MUTATION_PRELUDE(arg) if (!__dredd_some_mutation_enabled) return arg
static int __dredd_replace_unary_operator_Minus_int(int arg, int local_mutation_id) {
  MUTATION_PRELUDE(-arg);
  REPLACE_UNARY_Not(0);
  REPLACE_UNARY_LNot(1);
  REPLACE_UNARY_ARG(2);
  return MUTATION_RETURN(-arg);
}

static int __dredd_replace_expr_int(int arg, int local_mutation_id) {
  MUTATION_PRELUDE(arg);
  MUTATION_EXPR_LNOT(0);
  MUTATION_EXPR_NOT(1);
  MUTATION_EXPR_MINUS(2);
  REPLACE_EXPR_INT_ZERO(3);
  REPLACE_EXPR_INT_ONE(4);
  REPLACE_EXPR_INT_MINUS_ONE(5);
  return MUTATION_RETURN(arg);
}

static int __dredd_replace_binary_operator_Assign_arg1_int_arg2_int(int* arg1, int arg2, int local_mutation_id) {
  MUTATION_PRELUDE((*arg1) = arg2);
  REPLACE_BINARY_AddAssign(0);
  REPLACE_BINARY_AndAssign(1);
  REPLACE_BINARY_DivAssign(2);
  REPLACE_BINARY_MulAssign(3);
  REPLACE_BINARY_OrAssign(4);
  REPLACE_BINARY_RemAssign(5);
  REPLACE_BINARY_ShlAssign(6);
  REPLACE_BINARY_ShrAssign(7);
  REPLACE_BINARY_SubAssign(8);
  REPLACE_BINARY_XorAssign(9);
  return MUTATION_RETURN((*arg1) = arg2);
}

static int __dredd_replace_binary_operator_Add_arg1_int_arg2_int(int arg1, int arg2, int local_mutation_id) {
  MUTATION_PRELUDE(arg1 + arg2);
  REPLACE_BINARY_Div(0);
  REPLACE_BINARY_Mul(1);
  REPLACE_BINARY_Rem(2);
  REPLACE_BINARY_Sub(3);
  REPLACE_BINARY_ARG1(4);
  REPLACE_BINARY_ARG2(5);
  return MUTATION_RETURN(arg1 + arg2);
}

int main() {
  int x = __dredd_replace_expr_int(__dredd_replace_binary_operator_Add_arg1_int_arg2_int(__dredd_replace_expr_int(0, 0) , __dredd_replace_expr_int(0, 6), 12), 18);
  if (!__dredd_enabled_mutation(64)) { __dredd_replace_expr_int(__dredd_replace_binary_operator_Assign_arg1_int_arg2_int(&(x) , __dredd_replace_expr_int(__dredd_replace_binary_operator_Add_arg1_int_arg2_int(__dredd_replace_expr_int(0, 24) , __dredd_replace_expr_int(1, 30), 36), 42), 48), 58); }
  if (!__dredd_enabled_mutation(105)) { __dredd_replace_expr_int(__dredd_replace_binary_operator_Assign_arg1_int_arg2_int(&(x) , __dredd_replace_expr_int(__dredd_replace_binary_operator_Add_arg1_int_arg2_int(__dredd_replace_expr_int(1, 65) , __dredd_replace_expr_int(0, 71), 77), 83), 89), 99); }
  if (!__dredd_enabled_mutation(155)) { __dredd_replace_expr_int(__dredd_replace_binary_operator_Assign_arg1_int_arg2_int(&(x) , __dredd_replace_expr_int(__dredd_replace_binary_operator_Add_arg1_int_arg2_int(__dredd_replace_expr_int(0, 106) , __dredd_replace_expr_int(__dredd_replace_unary_operator_Minus_int(__dredd_replace_expr_int(1, 112), 118), 121), 127), 133), 139), 149); }
  if (!__dredd_enabled_mutation(205)) { __dredd_replace_expr_int(__dredd_replace_binary_operator_Assign_arg1_int_arg2_int(&(x) , __dredd_replace_expr_int(__dredd_replace_binary_operator_Add_arg1_int_arg2_int(__dredd_replace_expr_int(__dredd_replace_unary_operator_Minus_int(__dredd_replace_expr_int(1, 156), 162), 165) , __dredd_replace_expr_int(0, 171), 177), 183), 189), 199); }
  if (!__dredd_enabled_mutation(255)) { __dredd_replace_expr_int(__dredd_replace_binary_operator_Assign_arg1_int_arg2_int(&(x) , __dredd_replace_expr_int(__dredd_replace_binary_operator_Add_arg1_int_arg2_int(__dredd_replace_expr_int(1, 206) , __dredd_replace_expr_int(__dredd_replace_unary_operator_Minus_int(__dredd_replace_expr_int(1, 212), 218), 221), 227), 233), 239), 249); }
  if (!__dredd_enabled_mutation(305)) { __dredd_replace_expr_int(__dredd_replace_binary_operator_Assign_arg1_int_arg2_int(&(x) , __dredd_replace_expr_int(__dredd_replace_binary_operator_Add_arg1_int_arg2_int(__dredd_replace_expr_int(__dredd_replace_unary_operator_Minus_int(__dredd_replace_expr_int(1, 256), 262), 265) , __dredd_replace_expr_int(1, 271), 277), 283), 289), 299); }
}
