static unsigned long long int no_op = 0;

#include <cinttypes>
#include <cstddef>
#include <functional>
#include <string>


#ifdef _MSC_VER
#define thread_local __declspec(thread)
#elif __APPLE__
#define thread_local __thread
#endif

#include <limits>
#include <cmath>
#define MUTATION_RETURN(arg) actual_result
#define REPLACE_EXPR_NOT(args) if ((args) != actual_result) no_op++
#define REPLACE_EXPR_MINUS(args) if ((args) != actual_result) no_op++
#define REPLACE_EXPR_LNOT(args) if ((args) != actual_result) no_op++
#define REPLACE_EXPR_INT_ZERO(args) if ((args) != actual_result) no_op++
#define REPLACE_EXPR_INT_ONE(args) if ((args) != actual_result) no_op++
#define REPLACE_EXPR_INT_MINUS_ONE(args) if ((args) != actual_result) no_op++
#define REPLACE_EXPR_INC(args) if ((args) != actual_result) no_op++
#define REPLACE_EXPR_DEC(args) if ((args) != actual_result) no_op++
#define REPLACE_BINARY_Div_arg1_int_arg2_int(arg1, arg2) if (!(((arg2) == 0) || (((arg1) == std::numeric_limits<int>::lowest()) && ((arg2) == (-1)))) && (arg1 / arg2) != actual_result) no_op++
#define MUTATION_PRELUDE(arg,type) type actual_result = (arg)
static int __dredd_replace_expr_int_zero(int arg, int local_mutation_id) {
  MUTATION_PRELUDE(arg,int);
  REPLACE_EXPR_INT_ONE(1);
  REPLACE_EXPR_INT_MINUS_ONE(-1);
  return MUTATION_RETURN(arg);
}

static int __dredd_replace_expr_int_lvalue(int& arg, int local_mutation_id) {
  MUTATION_PRELUDE(arg,int);
  REPLACE_EXPR_INC(arg);
  REPLACE_EXPR_DEC(arg);
  return MUTATION_RETURN(arg);
}

static int __dredd_replace_expr_int(int arg, int local_mutation_id) {
  MUTATION_PRELUDE(arg,int);
  REPLACE_EXPR_LNOT(arg);
  REPLACE_EXPR_NOT(arg);
  REPLACE_EXPR_MINUS(arg);
  REPLACE_EXPR_INT_ZERO(0);
  REPLACE_EXPR_INT_ONE(1);
  REPLACE_EXPR_INT_MINUS_ONE(-1);
  return MUTATION_RETURN(arg);
}

__attribute__((always_inline)) static int __dredd_replace_binary_operator_Add_arg1_int_arg2_int_rhs_zero_lhs_zero(int arg1, int arg2, int local_mutation_id) {
  MUTATION_PRELUDE(arg1 + arg2,int);
  REPLACE_BINARY_Div_arg1_int_arg2_int(arg1, arg2);
  return MUTATION_RETURN(arg1 + arg2);
}

int main() {
  int x = __dredd_replace_expr_int_zero(__dredd_replace_binary_operator_Add_arg1_int_arg2_int_rhs_zero_lhs_zero(__dredd_replace_expr_int_zero(0, 0) , __dredd_replace_expr_int_zero(0, 2), 4), 5);
  return __dredd_replace_expr_int(__dredd_replace_expr_int_lvalue(x, 7), 9);
}
