#include <inttypes.h>
#include <stdbool.h>
#include <stdlib.h>
#include <string.h>

#ifdef _MSC_VER
#define thread_local __declspec(thread)
#elif __APPLE__
#define thread_local __thread
#else
#include <threads.h>
#endif

static thread_local int __dredd_some_mutation_enabled = 1;
static int __dredd_enabled_mutation(int local_mutation_id) {
  static thread_local int initialized = 0;
  static thread_local uint64_t enabled_bitset[1];
  if (!initialized) {
    int some_mutation_enabled = 0;
    const char* dredd_environment_variable = getenv("DREDD_ENABLED_MUTATION");
    if (dredd_environment_variable) {
      char* temp = malloc(strlen(dredd_environment_variable) + 1);
      strcpy(temp, dredd_environment_variable);
      char* token;
      token = strtok(temp, ",");
      while(token) {
        int value = atoi(token);
        int local_value = value - 0;
        if (local_value >= 0 && local_value < 52) {
          enabled_bitset[local_value / 64] |= (1 << (local_value % 64));
          some_mutation_enabled = 1;
        }
        token = strtok(NULL, ",");
      }
      free(temp);
    }
    initialized = 1;
    __dredd_some_mutation_enabled = some_mutation_enabled;
  }
  return enabled_bitset[local_mutation_id / 64] & (1 << (local_mutation_id % 64));
}

#define MUTATION_RETURN(arg) arg
#define REPLACE_UNARY_PostDec(arg, mutation_id_offset) if (__dredd_enabled_mutation(local_mutation_id + mutation_id_offset)) return arg;
#define REPLACE_UNARY_Not(arg, mutation_id_offset) if (__dredd_enabled_mutation(local_mutation_id + mutation_id_offset)) return arg;
#define REPLACE_UNARY_Minus(arg, mutation_id_offset) if (__dredd_enabled_mutation(local_mutation_id + mutation_id_offset)) return arg;
#define REPLACE_UNARY_LNot(arg, mutation_id_offset) if (__dredd_enabled_mutation(local_mutation_id + mutation_id_offset)) return arg;
#define REPLACE_UNARY_ARG(args, mutation_id_offset) if (__dredd_enabled_mutation(local_mutation_id + mutation_id_offset)) return args
#define REPLACE_EXPR_NOT(args, mutation_id_offset) if (__dredd_enabled_mutation(local_mutation_id + mutation_id_offset)) return args
#define REPLACE_EXPR_MINUS(args, mutation_id_offset) if (__dredd_enabled_mutation(local_mutation_id + mutation_id_offset)) return args
#define REPLACE_EXPR_LNOT(args, mutation_id_offset) if (__dredd_enabled_mutation(local_mutation_id + mutation_id_offset)) return args
#define REPLACE_EXPR_INT_ZERO(args, mutation_id_offset) if (__dredd_enabled_mutation(local_mutation_id + mutation_id_offset)) return args
#define REPLACE_EXPR_INT_ONE(args, mutation_id_offset) if (__dredd_enabled_mutation(local_mutation_id + mutation_id_offset)) return args
#define REPLACE_EXPR_INT_MINUS_ONE(args, mutation_id_offset) if (__dredd_enabled_mutation(local_mutation_id + mutation_id_offset)) return args
#define REPLACE_BINARY_XorAssign_arg1_int_arg2_int(arg1, arg2, mutation_id_offset) if (__dredd_enabled_mutation(local_mutation_id + mutation_id_offset)) return arg1 ^= arg2;
#define REPLACE_BINARY_SubAssign_arg1_int_arg2_int(arg1, arg2, mutation_id_offset) if (__dredd_enabled_mutation(local_mutation_id + mutation_id_offset)) return arg1 -= arg2;
#define REPLACE_BINARY_ShrAssign_arg1_int_arg2_int(arg1, arg2, mutation_id_offset) if (__dredd_enabled_mutation(local_mutation_id + mutation_id_offset)) return arg1 >>= arg2;
#define REPLACE_BINARY_ShlAssign_arg1_int_arg2_int(arg1, arg2, mutation_id_offset) if (__dredd_enabled_mutation(local_mutation_id + mutation_id_offset)) return arg1 <<= arg2;
#define REPLACE_BINARY_RemAssign_arg1_int_arg2_int(arg1, arg2, mutation_id_offset) if (__dredd_enabled_mutation(local_mutation_id + mutation_id_offset)) return arg1 %= arg2;
#define REPLACE_BINARY_OrAssign_arg1_int_arg2_int(arg1, arg2, mutation_id_offset) if (__dredd_enabled_mutation(local_mutation_id + mutation_id_offset)) return arg1 |= arg2;
#define REPLACE_BINARY_MulAssign_arg1_int_arg2_int(arg1, arg2, mutation_id_offset) if (__dredd_enabled_mutation(local_mutation_id + mutation_id_offset)) return arg1 *= arg2;
#define REPLACE_BINARY_DivAssign_arg1_int_arg2_int(arg1, arg2, mutation_id_offset) if (__dredd_enabled_mutation(local_mutation_id + mutation_id_offset)) return arg1 /= arg2;
#define REPLACE_BINARY_AndAssign_arg1_int_arg2_int(arg1, arg2, mutation_id_offset) if (__dredd_enabled_mutation(local_mutation_id + mutation_id_offset)) return arg1 &= arg2;
#define REPLACE_BINARY_AddAssign_arg1_int_arg2_int(arg1, arg2, mutation_id_offset) if (__dredd_enabled_mutation(local_mutation_id + mutation_id_offset)) return arg1 += arg2;
#define MUTATION_PRELUDE(arg) if (!__dredd_some_mutation_enabled) return arg
static int __dredd_replace_unary_operator_PostInc_int(int* arg, int local_mutation_id) {
  MUTATION_PRELUDE((*arg)++);
  REPLACE_UNARY_PostDec((*arg), 0);
  REPLACE_UNARY_Not((*arg), 1);
  REPLACE_UNARY_Minus((*arg), 2);
  REPLACE_UNARY_LNot((*arg), 3);
  REPLACE_UNARY_ARG((*arg), 4);
  return MUTATION_RETURN((*arg)++);
}

static int __dredd_replace_expr_int(int arg, int local_mutation_id) {
  MUTATION_PRELUDE(arg);
  REPLACE_EXPR_LNOT(arg, 0);
  REPLACE_EXPR_NOT(arg, 1);
  REPLACE_EXPR_MINUS(arg, 2);
  REPLACE_EXPR_INT_ZERO(0, 3);
  REPLACE_EXPR_INT_ONE(1, 4);
  REPLACE_EXPR_INT_MINUS_ONE(-1, 5);
  return MUTATION_RETURN(arg);
}

static int __dredd_replace_binary_operator_Assign_arg1_int_arg2_int(int* arg1, int arg2, int local_mutation_id) {
  MUTATION_PRELUDE((*arg1) = arg2);
  REPLACE_BINARY_AddAssign_arg1_int_arg2_int((*arg1), arg2, 0);
  REPLACE_BINARY_AndAssign_arg1_int_arg2_int((*arg1), arg2, 1);
  REPLACE_BINARY_DivAssign_arg1_int_arg2_int((*arg1), arg2, 2);
  REPLACE_BINARY_MulAssign_arg1_int_arg2_int((*arg1), arg2, 3);
  REPLACE_BINARY_OrAssign_arg1_int_arg2_int((*arg1), arg2, 4);
  REPLACE_BINARY_RemAssign_arg1_int_arg2_int((*arg1), arg2, 5);
  REPLACE_BINARY_ShlAssign_arg1_int_arg2_int((*arg1), arg2, 6);
  REPLACE_BINARY_ShrAssign_arg1_int_arg2_int((*arg1), arg2, 7);
  REPLACE_BINARY_SubAssign_arg1_int_arg2_int((*arg1), arg2, 8);
  REPLACE_BINARY_XorAssign_arg1_int_arg2_int((*arg1), arg2, 9);
  return MUTATION_RETURN((*arg1) = arg2);
}

int main() {
  int x = __dredd_replace_expr_int(0, 0);
  if (!__dredd_enabled_mutation(51)) { __dredd_replace_expr_int(__dredd_replace_binary_operator_Assign_arg1_int_arg2_int(&(x) , __dredd_replace_expr_int((__dredd_replace_expr_int((__dredd_replace_expr_int(0, 6), __dredd_replace_expr_int(__dredd_replace_unary_operator_PostInc_int(&(x), 12), 17)), 23)), 29), 35), 45); }
}
