#include <cinttypes>
#include <cstddef>
#include <functional>
#include <string>


#ifdef _MSC_VER
#define thread_local __declspec(thread)
#elif __APPLE__
#define thread_local __thread
#endif

#include <limits>
#include <cmath>
static thread_local unsigned long long int no_op = 0;

#define MUTATION_RETURN(arg) actual_result
#define REPLACE_EXPR_MINUS(args) if ((args) != actual_result) no_op++
#define REPLACE_EXPR_FLOAT_ZERO(args) if ((args) != actual_result) no_op++
#define REPLACE_EXPR_FLOAT_ONE(args) if ((args) != actual_result) no_op++
#define REPLACE_EXPR_FLOAT_MINUS_ONE(args) if ((args) != actual_result) no_op++
#define MUTATION_PRELUDE(arg,type) type actual_result = (arg)
static double __dredd_replace_expr_double(double arg, int local_mutation_id) {
  MUTATION_PRELUDE(arg,double);
  REPLACE_EXPR_MINUS(arg);
  REPLACE_EXPR_FLOAT_ZERO(0.0);
  REPLACE_EXPR_FLOAT_ONE(1.0);
  REPLACE_EXPR_FLOAT_MINUS_ONE(-1.0);
  return MUTATION_RETURN(arg);
}

double foo(const double &x) {
  return __dredd_replace_expr_double(x, 0);
}
