#include <inttypes.h>
#include <stdlib.h>
#include <string.h>
#include <threads.h>
static thread_local int __dredd_some_mutation_enabled = 1;
static int __dredd_enabled_mutation(int local_mutation_id) {
  static thread_local int initialized = 0;
  static thread_local uint64_t enabled_bitset[2];
  if (!initialized) {
    int some_mutation_enabled = 0;
    const char* dredd_environment_variable = getenv("DREDD_ENABLED_MUTATION");
    if (dredd_environment_variable) {
      char* temp = malloc(strlen(dredd_environment_variable) + 1);
      strcpy(temp, dredd_environment_variable);
      char* token;
      token = strtok(temp, ",");
      while(token) {
        int value = atoi(token);
        int local_value = value - 0;
        if (local_value >= 0 && local_value < 89) {
          enabled_bitset[local_value / 64] |= (1 << (local_value % 64));
          some_mutation_enabled = 1;
        }
        token = strtok(NULL, ",");
      }
      free(temp);
    }
    initialized = 1;
    __dredd_some_mutation_enabled = some_mutation_enabled;
  }
  return enabled_bitset[local_mutation_id / 64] & (1 << (local_mutation_id % 64));
}

static int __dredd_replace_expr_int(int arg, int local_mutation_id) {
  if (!__dredd_some_mutation_enabled) return arg;
  if (__dredd_enabled_mutation(local_mutation_id + 0)) return !(arg);
  if (__dredd_enabled_mutation(local_mutation_id + 1)) return ~(arg);
  if (__dredd_enabled_mutation(local_mutation_id + 2)) return -(arg);
  if (__dredd_enabled_mutation(local_mutation_id + 3)) return 0;
  if (__dredd_enabled_mutation(local_mutation_id + 4)) return 1;
  if (__dredd_enabled_mutation(local_mutation_id + 5)) return -1;
  return arg;
}

static float __dredd_replace_expr_float(float arg, int local_mutation_id) {
  if (!__dredd_some_mutation_enabled) return arg;
  if (__dredd_enabled_mutation(local_mutation_id + 0)) return -(arg);
  if (__dredd_enabled_mutation(local_mutation_id + 1)) return 0.0;
  if (__dredd_enabled_mutation(local_mutation_id + 2)) return 1.0;
  if (__dredd_enabled_mutation(local_mutation_id + 3)) return -1.0;
  return arg;
}

static float __dredd_replace_binary_operator_SubAssign_float_double(float* arg1, double arg2, int local_mutation_id) {
  if (!__dredd_some_mutation_enabled) return (*arg1) -= arg2;
  if (__dredd_enabled_mutation(local_mutation_id + 0)) return (*arg1) += arg2;
  if (__dredd_enabled_mutation(local_mutation_id + 1)) return (*arg1) = arg2;
  if (__dredd_enabled_mutation(local_mutation_id + 2)) return (*arg1) /= arg2;
  if (__dredd_enabled_mutation(local_mutation_id + 3)) return (*arg1) *= arg2;
  return (*arg1) -= arg2;
}

static double __dredd_replace_expr_double_lvalue(double* arg, int local_mutation_id) {
  if (!__dredd_some_mutation_enabled) return (*arg);
  if (__dredd_enabled_mutation(local_mutation_id + 0)) return ++((*arg));
  if (__dredd_enabled_mutation(local_mutation_id + 1)) return --((*arg));
  return (*arg);
}

static double __dredd_replace_expr_double(double arg, int local_mutation_id) {
  if (!__dredd_some_mutation_enabled) return arg;
  if (__dredd_enabled_mutation(local_mutation_id + 0)) return -(arg);
  if (__dredd_enabled_mutation(local_mutation_id + 1)) return 0.0;
  if (__dredd_enabled_mutation(local_mutation_id + 2)) return 1.0;
  if (__dredd_enabled_mutation(local_mutation_id + 3)) return -1.0;
  return arg;
}

static double __dredd_replace_binary_operator_Mul_double_double(double arg1, double arg2, int local_mutation_id) {
  if (!__dredd_some_mutation_enabled) return arg1 * arg2;
  if (__dredd_enabled_mutation(local_mutation_id + 0)) return arg1 + arg2;
  if (__dredd_enabled_mutation(local_mutation_id + 1)) return arg1 / arg2;
  if (__dredd_enabled_mutation(local_mutation_id + 2)) return arg1 - arg2;
  if (__dredd_enabled_mutation(local_mutation_id + 3)) return arg1;
  if (__dredd_enabled_mutation(local_mutation_id + 4)) return arg2;
  return arg1 * arg2;
}

static double __dredd_replace_binary_operator_Add_double_double(double arg1, double arg2, int local_mutation_id) {
  if (!__dredd_some_mutation_enabled) return arg1 + arg2;
  if (__dredd_enabled_mutation(local_mutation_id + 0)) return arg1 / arg2;
  if (__dredd_enabled_mutation(local_mutation_id + 1)) return arg1 * arg2;
  if (__dredd_enabled_mutation(local_mutation_id + 2)) return arg1 - arg2;
  if (__dredd_enabled_mutation(local_mutation_id + 3)) return arg1;
  if (__dredd_enabled_mutation(local_mutation_id + 4)) return arg2;
  return arg1 + arg2;
}

static double __dredd_replace_binary_operator_AddAssign_double_double(double* arg1, double arg2, int local_mutation_id) {
  if (!__dredd_some_mutation_enabled) return (*arg1) += arg2;
  if (__dredd_enabled_mutation(local_mutation_id + 0)) return (*arg1) = arg2;
  if (__dredd_enabled_mutation(local_mutation_id + 1)) return (*arg1) /= arg2;
  if (__dredd_enabled_mutation(local_mutation_id + 2)) return (*arg1) *= arg2;
  if (__dredd_enabled_mutation(local_mutation_id + 3)) return (*arg1) -= arg2;
  return (*arg1) += arg2;
}

int main() {
  double a = __dredd_replace_expr_double(1.0, 0);
  double x = __dredd_replace_expr_double(5.32, 4);
  if (!__dredd_enabled_mutation(20)) { __dredd_replace_expr_double(__dredd_replace_binary_operator_AddAssign_double_double(&(x) , __dredd_replace_expr_double(0.5, 8), 12), 16); }
  float y = __dredd_replace_expr_float(__dredd_replace_expr_double(64343.7, 21), 25);
  if (!__dredd_enabled_mutation(41)) { __dredd_replace_expr_float(__dredd_replace_binary_operator_SubAssign_float_double(&(y) , __dredd_replace_expr_double(1.2, 29), 33), 37); }
  double z = __dredd_replace_expr_double(__dredd_replace_binary_operator_Mul_double_double(__dredd_replace_expr_double(__dredd_replace_expr_double_lvalue(&(x), 42), 44) , __dredd_replace_expr_double(5.5, 48), 52), 57);
  if (!__dredd_enabled_mutation(88)) { return __dredd_replace_expr_int(__dredd_replace_expr_double(__dredd_replace_binary_operator_Add_double_double(__dredd_replace_expr_double(__dredd_replace_expr_double_lvalue(&(z), 61), 63) , __dredd_replace_expr_double(__dredd_replace_expr_double_lvalue(&(x), 67), 69), 73), 78), 82); }
}
