#include <inttypes.h>
#include <stdlib.h>
#include <string.h>
static int __dredd_some_mutation_enabled = 1;
static int __dredd_enabled_mutation(int local_mutation_id) {
  static int initialized = 0;
  static uint64_t enabled_bitset[1];
  if (!initialized) {
    int some_mutation_enabled = 0;
    const char* dredd_environment_variable = getenv("DREDD_ENABLED_MUTATION");
    if (dredd_environment_variable) {
      char* temp = malloc(strlen(dredd_environment_variable) + 1);
      strcpy(temp, dredd_environment_variable);
      char* token;
      token = strtok(temp, ",");
      while(token) {
        int value = atoi(token);
        int local_value = value - 0;
        if (local_value >= 0 && local_value < 21) {
          enabled_bitset[local_value / 64] |= (1 << (local_value % 64));
          some_mutation_enabled = 1;
        }
        token = strtok(NULL, ",");
      }
      free(temp);
    }
    initialized = 1;
    __dredd_some_mutation_enabled = some_mutation_enabled;
  }
  return enabled_bitset[local_mutation_id / 64] & (1 << (local_mutation_id % 64));
}

static float __dredd_replace_binary_operator_SubAssign_float_double(float* arg1, double arg2, int local_mutation_id) {
  if (!__dredd_some_mutation_enabled) return (*arg1) -= arg2;
  if (__dredd_enabled_mutation(local_mutation_id + 0)) return (*arg1) += arg2;
  if (__dredd_enabled_mutation(local_mutation_id + 1)) return (*arg1) = arg2;
  if (__dredd_enabled_mutation(local_mutation_id + 2)) return (*arg1) /= arg2;
  if (__dredd_enabled_mutation(local_mutation_id + 3)) return (*arg1) *= arg2;
  return (*arg1) -= arg2;
}

static double __dredd_replace_binary_operator_Mul_double_double(double arg1, double arg2, int local_mutation_id) {
  if (!__dredd_some_mutation_enabled) return arg1 * arg2;
  if (__dredd_enabled_mutation(local_mutation_id + 0)) return arg1 + arg2;
  if (__dredd_enabled_mutation(local_mutation_id + 1)) return arg1 / arg2;
  if (__dredd_enabled_mutation(local_mutation_id + 2)) return arg1 - arg2;
  if (__dredd_enabled_mutation(local_mutation_id + 3)) return arg1;
  if (__dredd_enabled_mutation(local_mutation_id + 4)) return arg2;
  return arg1 * arg2;
}

static double __dredd_replace_binary_operator_Add_double_double(double arg1, double arg2, int local_mutation_id) {
  if (!__dredd_some_mutation_enabled) return arg1 + arg2;
  if (__dredd_enabled_mutation(local_mutation_id + 0)) return arg1 / arg2;
  if (__dredd_enabled_mutation(local_mutation_id + 1)) return arg1 * arg2;
  if (__dredd_enabled_mutation(local_mutation_id + 2)) return arg1 - arg2;
  if (__dredd_enabled_mutation(local_mutation_id + 3)) return arg1;
  if (__dredd_enabled_mutation(local_mutation_id + 4)) return arg2;
  return arg1 + arg2;
}

static double __dredd_replace_binary_operator_AddAssign_double_double(double* arg1, double arg2, int local_mutation_id) {
  if (!__dredd_some_mutation_enabled) return (*arg1) += arg2;
  if (__dredd_enabled_mutation(local_mutation_id + 0)) return (*arg1) = arg2;
  if (__dredd_enabled_mutation(local_mutation_id + 1)) return (*arg1) /= arg2;
  if (__dredd_enabled_mutation(local_mutation_id + 2)) return (*arg1) *= arg2;
  if (__dredd_enabled_mutation(local_mutation_id + 3)) return (*arg1) -= arg2;
  return (*arg1) += arg2;
}

int main() {
  double x = 5.32;
  if (!__dredd_enabled_mutation(18)) { __dredd_replace_binary_operator_AddAssign_double_double(&(x), 0.5, 0); }
  float y = 64343.7;
  if (!__dredd_enabled_mutation(19)) { __dredd_replace_binary_operator_SubAssign_float_double(&(y), 1.2, 4); }
  double z = __dredd_replace_binary_operator_Mul_double_double(x, 5.5, 8);
  if (!__dredd_enabled_mutation(20)) { return __dredd_replace_binary_operator_Add_double_double(z, x, 13); }
}
