#include <cinttypes>
#include <cstddef>
#include <functional>
#include <string>

static bool __dredd_some_mutation_enabled = true;
static bool __dredd_enabled_mutation(int local_mutation_id) {
  static bool initialized = false;
  static uint64_t enabled_bitset[1];
  if (!initialized) {
    bool some_mutation_enabled = false;
    const char* dredd_environment_variable = std::getenv("DREDD_ENABLED_MUTATION");
    if (dredd_environment_variable != nullptr) {
      std::string contents(dredd_environment_variable);
      while (true) {
        size_t pos = contents.find(",");
        std::string token = (pos == std::string::npos ? contents : contents.substr(0, pos));
        if (!token.empty()) {
          int value = std::stoi(token);
          int local_value = value - 0;
          if (local_value >= 0 && local_value < 57) {
            enabled_bitset[local_value / 64] |= (1 << (local_value % 64));
            some_mutation_enabled = true;
          }
        }
        if (pos == std::string::npos) {
          break;
        }
        contents.erase(0, pos + 1);
      }
    }
    initialized = true;
    __dredd_some_mutation_enabled = some_mutation_enabled;
  }
  return (enabled_bitset[local_mutation_id / 64] & (1 << (local_mutation_id % 64))) != 0;
}

static float& __dredd_replace_binary_operator_SubAssign_float_double(std::function<float&()> arg1, std::function<double()> arg2, int local_mutation_id) {
  if (!__dredd_some_mutation_enabled) return arg1() -= arg2();
  if (__dredd_enabled_mutation(local_mutation_id + 0)) return arg1() += arg2();
  if (__dredd_enabled_mutation(local_mutation_id + 1)) return arg1() = arg2();
  if (__dredd_enabled_mutation(local_mutation_id + 2)) return arg1() /= arg2();
  if (__dredd_enabled_mutation(local_mutation_id + 3)) return arg1() *= arg2();
  return arg1() -= arg2();
}

static double& __dredd_replace_binary_operator_AddAssign_double_double(std::function<double&()> arg1, std::function<double()> arg2, int local_mutation_id) {
  if (!__dredd_some_mutation_enabled) return arg1() += arg2();
  if (__dredd_enabled_mutation(local_mutation_id + 0)) return arg1() = arg2();
  if (__dredd_enabled_mutation(local_mutation_id + 1)) return arg1() /= arg2();
  if (__dredd_enabled_mutation(local_mutation_id + 2)) return arg1() *= arg2();
  if (__dredd_enabled_mutation(local_mutation_id + 3)) return arg1() -= arg2();
  return arg1() += arg2();
}

static double __dredd_replace_expr_double_lvalue(std::function<double&()> arg, int local_mutation_id) {
  if (!__dredd_some_mutation_enabled) return arg();
  if (__dredd_enabled_mutation(local_mutation_id + 0)) return ++(arg());
  if (__dredd_enabled_mutation(local_mutation_id + 1)) return --(arg());
  return arg();
}

static double __dredd_replace_expr_double(std::function<double()> arg, int local_mutation_id) {
  if (!__dredd_some_mutation_enabled) return arg();
  if (__dredd_enabled_mutation(local_mutation_id + 0)) return 0.0;
  if (__dredd_enabled_mutation(local_mutation_id + 1)) return 1.0;
  if (__dredd_enabled_mutation(local_mutation_id + 2)) return -1.0;
  return arg();
}

static double __dredd_replace_binary_operator_Mul_double_double(std::function<double()> arg1, std::function<double()> arg2, int local_mutation_id) {
  if (!__dredd_some_mutation_enabled) return arg1() * arg2();
  if (__dredd_enabled_mutation(local_mutation_id + 0)) return arg1() + arg2();
  if (__dredd_enabled_mutation(local_mutation_id + 1)) return arg1() / arg2();
  if (__dredd_enabled_mutation(local_mutation_id + 2)) return arg1() - arg2();
  if (__dredd_enabled_mutation(local_mutation_id + 3)) return arg1();
  if (__dredd_enabled_mutation(local_mutation_id + 4)) return arg2();
  return arg1() * arg2();
}

static double __dredd_replace_binary_operator_Add_double_double(std::function<double()> arg1, std::function<double()> arg2, int local_mutation_id) {
  if (!__dredd_some_mutation_enabled) return arg1() + arg2();
  if (__dredd_enabled_mutation(local_mutation_id + 0)) return arg1() / arg2();
  if (__dredd_enabled_mutation(local_mutation_id + 1)) return arg1() * arg2();
  if (__dredd_enabled_mutation(local_mutation_id + 2)) return arg1() - arg2();
  if (__dredd_enabled_mutation(local_mutation_id + 3)) return arg1();
  if (__dredd_enabled_mutation(local_mutation_id + 4)) return arg2();
  return arg1() + arg2();
}

int main() {
  double x = __dredd_replace_expr_double([&]() -> double { return 5.32; }, 0);
  if (!__dredd_enabled_mutation(10)) { __dredd_replace_binary_operator_AddAssign_double_double([&]() -> double& { return static_cast<double&>(x); } , [&]() -> double { return static_cast<double>(__dredd_replace_expr_double([&]() -> double { return 0.5; }, 3)); }, 6); }
  float y = __dredd_replace_expr_double([&]() -> double { return 64343.7; }, 11);
  if (!__dredd_enabled_mutation(21)) { __dredd_replace_binary_operator_SubAssign_float_double([&]() -> float& { return static_cast<float&>(y); } , [&]() -> double { return static_cast<double>(__dredd_replace_expr_double([&]() -> double { return 1.2; }, 14)); }, 17); }
  double z = __dredd_replace_expr_double([&]() -> double { return static_cast<double>(__dredd_replace_binary_operator_Mul_double_double([&]() -> double { return static_cast<double>(__dredd_replace_expr_double([&]() -> double { return static_cast<double>(__dredd_replace_expr_double_lvalue([&]() -> double& { return static_cast<double&>(x); }, 22)); }, 24)); } , [&]() -> double { return static_cast<double>(__dredd_replace_expr_double([&]() -> double { return 5.5; }, 27)); }, 30)); }, 35);
  if (!__dredd_enabled_mutation(56)) { return __dredd_replace_expr_double([&]() -> double { return static_cast<double>(__dredd_replace_binary_operator_Add_double_double([&]() -> double { return static_cast<double>(__dredd_replace_expr_double([&]() -> double { return static_cast<double>(__dredd_replace_expr_double_lvalue([&]() -> double& { return static_cast<double&>(z); }, 38)); }, 40)); } , [&]() -> double { return static_cast<double>(__dredd_replace_expr_double([&]() -> double { return static_cast<double>(__dredd_replace_expr_double_lvalue([&]() -> double& { return static_cast<double&>(x); }, 43)); }, 45)); }, 48)); }, 53); }
}
