#include <cstddef>

struct A {
  size_t x;
  size_t y;
};

void foo(A arg);

static unsigned long long int no_op = 0;

#include <cinttypes>
#include <cstddef>
#include <functional>
#include <string>


#ifdef _MSC_VER
#define thread_local __declspec(thread)
#elif __APPLE__
#define thread_local __thread
#endif

#include <limits>
#include <cmath>
#define MUTATION_RETURN(arg) actual_result
#define MUTATION_PRELUDE(arg,type) type actual_result = (arg)
void bar() {
  foo({0, 0});
}
