// DREDD PRELUDE START
// If this has been inserted at an inappropriate place in a source file,
// declare a placeholder function with the following signature to
// mandate where the prelude should be placed:
//
// void __dredd_prelude_start();
//
#include <inttypes.h>
#include <stdbool.h>
#include <stdlib.h>
#include <string.h>

#ifdef _MSC_VER
#define thread_local __declspec(thread)
#elif __APPLE__
#define thread_local __thread
#else
#include <threads.h>
#endif

static thread_local int __dredd_some_mutation_enabled = 1;
static bool __dredd_enabled_mutation(int local_mutation_id) {
  static thread_local int initialized = 0;
  static thread_local uint64_t enabled_bitset[1];
  if (!initialized) {
    int some_mutation_enabled = 0;
    const char* dredd_environment_variable = getenv("DREDD_ENABLED_MUTATION");
    if (dredd_environment_variable) {
      char* temp = malloc(strlen(dredd_environment_variable) + 1);
      strcpy(temp, dredd_environment_variable);
      char* token;
      token = strtok(temp, ",");
      while(token) {
        int value = atoi(token);
        int local_value = value - 0;
        if (local_value >= 0 && local_value < 42) {
          enabled_bitset[local_value / 64] |= ((uint64_t) 1 << (local_value % 64));
          some_mutation_enabled = 1;
        }
        token = strtok(NULL, ",");
      }
      free(temp);
    }
    initialized = 1;
    __dredd_some_mutation_enabled = some_mutation_enabled;
  }
  return enabled_bitset[local_mutation_id / 64] & ((uint64_t) 1 << (local_mutation_id % 64));
}

static unsigned int __dredd_replace_expr_unsigned_int_lvalue(unsigned int* arg, int local_mutation_id) {
  if (!__dredd_some_mutation_enabled) return (*arg);
  if (__dredd_enabled_mutation(local_mutation_id + 0)) return ++((*arg));
  if (__dredd_enabled_mutation(local_mutation_id + 1)) return --((*arg));
  return (*arg);
}

static unsigned int __dredd_replace_expr_unsigned_int(unsigned int arg, int local_mutation_id) {
  if (!__dredd_some_mutation_enabled) return arg;
  if (__dredd_enabled_mutation(local_mutation_id + 0)) return !(arg);
  if (__dredd_enabled_mutation(local_mutation_id + 1)) return ~(arg);
  if (__dredd_enabled_mutation(local_mutation_id + 2)) return 0;
  if (__dredd_enabled_mutation(local_mutation_id + 3)) return 1;
  return arg;
}

static unsigned int __dredd_replace_binary_operator_Sub_arg1_unsigned_int_arg2_unsigned_int(unsigned int arg1, unsigned int arg2, int local_mutation_id) {
  if (!__dredd_some_mutation_enabled) return arg1 - arg2;
  if (__dredd_enabled_mutation(local_mutation_id + 0)) return arg1 + arg2;
  if (__dredd_enabled_mutation(local_mutation_id + 1)) return arg1 / arg2;
  if (__dredd_enabled_mutation(local_mutation_id + 2)) return arg1 * arg2;
  if (__dredd_enabled_mutation(local_mutation_id + 3)) return arg1 % arg2;
  if (__dredd_enabled_mutation(local_mutation_id + 4)) return arg1;
  if (__dredd_enabled_mutation(local_mutation_id + 5)) return arg2;
  return arg1 - arg2;
}

static long __dredd_replace_expr_long(long arg, int local_mutation_id) {
  if (!__dredd_some_mutation_enabled) return arg;
  if (__dredd_enabled_mutation(local_mutation_id + 0)) return !(arg);
  if (__dredd_enabled_mutation(local_mutation_id + 1)) return ~(arg);
  if (__dredd_enabled_mutation(local_mutation_id + 2)) return -(arg);
  if (__dredd_enabled_mutation(local_mutation_id + 3)) return 0;
  if (__dredd_enabled_mutation(local_mutation_id + 4)) return 1;
  if (__dredd_enabled_mutation(local_mutation_id + 5)) return -1;
  return arg;
}

static int __dredd_replace_expr_int(int arg, int local_mutation_id) {
  if (!__dredd_some_mutation_enabled) return arg;
  if (__dredd_enabled_mutation(local_mutation_id + 0)) return !(arg);
  if (__dredd_enabled_mutation(local_mutation_id + 1)) return ~(arg);
  if (__dredd_enabled_mutation(local_mutation_id + 2)) return -(arg);
  if (__dredd_enabled_mutation(local_mutation_id + 3)) return 0;
  if (__dredd_enabled_mutation(local_mutation_id + 4)) return 1;
  if (__dredd_enabled_mutation(local_mutation_id + 5)) return -1;
  return arg;
}

int main() {
  unsigned int x = __dredd_replace_expr_unsigned_int(__dredd_replace_expr_long(4294967295, 0), 6);
  int y = __dredd_replace_expr_int(__dredd_replace_expr_unsigned_int(__dredd_replace_binary_operator_Sub_arg1_unsigned_int_arg2_unsigned_int(__dredd_replace_expr_unsigned_int(__dredd_replace_expr_unsigned_int_lvalue(&(x), 10), 12) , __dredd_replace_expr_unsigned_int(__dredd_replace_expr_int(20, 16), 22), 26), 32), 36);
}
