static unsigned long long int no_op = 0;

#include <cinttypes>
#include <cstddef>
#include <functional>
#include <string>


#ifdef _MSC_VER
#define thread_local __declspec(thread)
#elif __APPLE__
#define thread_local __thread
#endif

#include <limits>
#include <cmath>
#define MUTATION_RETURN(arg) actual_result
#define REPLACE_UNARY_PreInc_int(arg) if ((arg) != std::numeric_limits<int>::max() && (arg + 1) != actual_result) no_op++
#define REPLACE_UNARY_ARG_int(args) if ((args) != actual_result) no_op++
#define REPLACE_EXPR_NOT(args) if ((args) != actual_result) no_op++
#define REPLACE_EXPR_MINUS(args) if ((args) != actual_result) no_op++
#define REPLACE_EXPR_LNOT(args) if ((args) != actual_result) no_op++
#define REPLACE_EXPR_INT_ZERO(args) if ((args) != actual_result) no_op++
#define REPLACE_EXPR_INT_ONE(args) if ((args) != actual_result) no_op++
#define REPLACE_EXPR_INT_MINUS_ONE(args) if ((args) != actual_result) no_op++
#define REPLACE_EXPR_INC(args) if ((args) != actual_result) no_op++
#define REPLACE_EXPR_DEC(args) if ((args) != actual_result) no_op++
#define REPLACE_BINARY_XorAssign_arg1_volatile_int_arg2_int(arg1, arg2) if ((arg1 ^ arg2) != actual_result) no_op++
#define REPLACE_BINARY_XorAssign_arg1_int_arg2_int(arg1, arg2) if ((arg1 ^ arg2) != actual_result) no_op++
#define REPLACE_BINARY_SubAssign_arg1_volatile_int_arg2_int(arg1, arg2) if (!((((arg1)^(arg2)) & ((((arg1) ^ (((arg1)^(arg2)) & (~std::numeric_limits<int>::max())))-(arg2))^(arg2))) < 0) && (arg1 - arg2) != actual_result) no_op++
#define REPLACE_BINARY_SubAssign_arg1_int_arg2_int(arg1, arg2) if (!((((arg1)^(arg2)) & ((((arg1) ^ (((arg1)^(arg2)) & (~std::numeric_limits<int>::max())))-(arg2))^(arg2))) < 0) && (arg1 - arg2) != actual_result) no_op++
#define REPLACE_BINARY_ShrAssign_arg1_volatile_int_arg2_int(arg1, arg2) if (!(((arg1) < 0) || ((arg2) < 0) || ((arg2) >= 32)) && (arg1 >> arg2) != actual_result) no_op++
#define REPLACE_BINARY_ShrAssign_arg1_int_arg2_int(arg1, arg2) if (!(((arg1) < 0) || ((arg2) < 0) || ((arg2) >= 32)) && (arg1 >> arg2) != actual_result) no_op++
#define REPLACE_BINARY_ShlAssign_arg1_volatile_int_arg2_int(arg1, arg2) if (!(((arg1) < 0) || ((arg2) < 0) || ((arg2) >= 32) || ((arg1) > (std::numeric_limits<int>::max() >> (arg2)))) && (arg1 << arg2) != actual_result) no_op++
#define REPLACE_BINARY_ShlAssign_arg1_int_arg2_int(arg1, arg2) if (!(((arg1) < 0) || ((arg2) < 0) || ((arg2) >= 32) || ((arg1) > (std::numeric_limits<int>::max() >> (arg2)))) && (arg1 << arg2) != actual_result) no_op++
#define REPLACE_BINARY_RemAssign_arg1_volatile_int_arg2_int(arg1, arg2) if (!(((arg2) == 0) || (((arg1) == std::numeric_limits<int>::lowest()) && ((arg2) == (-1)))) && (arg1 % arg2) != actual_result) no_op++
#define REPLACE_BINARY_RemAssign_arg1_int_arg2_int(arg1, arg2) if (!(((arg2) == 0) || (((arg1) == std::numeric_limits<int>::lowest()) && ((arg2) == (-1)))) && (arg1 % arg2) != actual_result) no_op++
#define REPLACE_BINARY_OrAssign_arg1_volatile_int_arg2_int(arg1, arg2) if ((arg1 | arg2) != actual_result) no_op++
#define REPLACE_BINARY_OrAssign_arg1_int_arg2_int(arg1, arg2) if ((arg1 | arg2) != actual_result) no_op++
#define REPLACE_BINARY_MulAssign_arg1_volatile_int_arg2_int(arg1, arg2) if (!((((arg1) > 0) && ((arg2) > 0) && ((arg1) > (std::numeric_limits<int>::max() / (arg2)))) || (((arg1) > 0) && ((arg2) <= 0) && ((arg2) < (std::numeric_limits<int>::lowest() / (arg1)))) || (((arg1) <= 0) && ((arg2) > 0) && ((arg1) < (std::numeric_limits<int>::lowest() / (arg2)))) || (((arg1) <= 0) && ((arg2) <= 0) && ((arg1) != 0) && ((arg2) < (std::numeric_limits<int>::max() / (arg1))))) && (arg1 * arg2) != actual_result) no_op++
#define REPLACE_BINARY_MulAssign_arg1_int_arg2_int(arg1, arg2) if (!((((arg1) > 0) && ((arg2) > 0) && ((arg1) > (std::numeric_limits<int>::max() / (arg2)))) || (((arg1) > 0) && ((arg2) <= 0) && ((arg2) < (std::numeric_limits<int>::lowest() / (arg1)))) || (((arg1) <= 0) && ((arg2) > 0) && ((arg1) < (std::numeric_limits<int>::lowest() / (arg2)))) || (((arg1) <= 0) && ((arg2) <= 0) && ((arg1) != 0) && ((arg2) < (std::numeric_limits<int>::max() / (arg1))))) && (arg1 * arg2) != actual_result) no_op++
#define REPLACE_BINARY_DivAssign_arg1_volatile_int_arg2_int(arg1, arg2) if (!(((arg2) == 0) || (((arg1) == std::numeric_limits<int>::lowest()) && ((arg2) == (-1)))) && (arg1 / arg2) != actual_result) no_op++
#define REPLACE_BINARY_DivAssign_arg1_int_arg2_int(arg1, arg2) if (!(((arg2) == 0) || (((arg1) == std::numeric_limits<int>::lowest()) && ((arg2) == (-1)))) && (arg1 / arg2) != actual_result) no_op++
#define REPLACE_BINARY_AndAssign_arg1_volatile_int_arg2_int(arg1, arg2) if ((arg1 & arg2) != actual_result) no_op++
#define REPLACE_BINARY_AndAssign_arg1_int_arg2_int(arg1, arg2) if ((arg1 & arg2) != actual_result) no_op++
#define REPLACE_BINARY_AddAssign_arg1_volatile_int_arg2_int(arg1, arg2) if (!((((arg1)>0) && ((arg2)>0) && ((arg1) > (std::numeric_limits<int>::max()-(arg2)))) || (((arg1)<0) && ((arg2)<0) && ((arg1) < (std::numeric_limits<int>::lowest()-(arg2))))) && (arg1 + arg2) != actual_result) no_op++
#define REPLACE_BINARY_AddAssign_arg1_int_arg2_int(arg1, arg2) if (!((((arg1)>0) && ((arg2)>0) && ((arg1) > (std::numeric_limits<int>::max()-(arg2)))) || (((arg1)<0) && ((arg2)<0) && ((arg1) < (std::numeric_limits<int>::lowest()-(arg2))))) && (arg1 + arg2) != actual_result) no_op++
#define MUTATION_PRELUDE(arg,type) type actual_result = (arg)
static int __dredd_replace_expr_int_lvalue(int& arg, int local_mutation_id) {
  MUTATION_PRELUDE(arg,int);
  REPLACE_EXPR_INC(arg);
  REPLACE_EXPR_DEC(arg);
  return MUTATION_RETURN(arg);
}

static int __dredd_replace_expr_int_constant(int arg, int local_mutation_id) {
  MUTATION_PRELUDE(arg,int);
  REPLACE_EXPR_NOT(arg);
  REPLACE_EXPR_MINUS(arg);
  REPLACE_EXPR_INT_ZERO(0);
  REPLACE_EXPR_INT_ONE(1);
  REPLACE_EXPR_INT_MINUS_ONE(-1);
  return MUTATION_RETURN(arg);
}

static int __dredd_replace_expr_int(int arg, int local_mutation_id) {
  MUTATION_PRELUDE(arg,int);
  REPLACE_EXPR_LNOT(arg);
  REPLACE_EXPR_NOT(arg);
  REPLACE_EXPR_MINUS(arg);
  REPLACE_EXPR_INT_ZERO(0);
  REPLACE_EXPR_INT_ONE(1);
  REPLACE_EXPR_INT_MINUS_ONE(-1);
  return MUTATION_RETURN(arg);
}

__attribute__((always_inline)) static volatile int& __dredd_replace_unary_operator_PreDec_volatile_int(volatile int& arg, int local_mutation_id) {
  volatile int arg_original = arg;
  MUTATION_PRELUDE(--arg,volatile int&);
  REPLACE_UNARY_PreInc_int(arg_original);
  REPLACE_UNARY_ARG_int(arg_original);
  return MUTATION_RETURN(--arg_original);
}

__attribute__((always_inline)) static volatile int& __dredd_replace_binary_operator_Assign_arg1_volatile_int_arg2_int(std::function<volatile int&()> arg1, int arg2, int local_mutation_id) {
  volatile int& arg1_evaluated = arg1();
  MUTATION_PRELUDE(arg1_evaluated = arg2,volatile int&);
  REPLACE_BINARY_AddAssign_arg1_volatile_int_arg2_int(arg1_evaluated, arg2);
  REPLACE_BINARY_AndAssign_arg1_volatile_int_arg2_int(arg1_evaluated, arg2);
  REPLACE_BINARY_DivAssign_arg1_volatile_int_arg2_int(arg1_evaluated, arg2);
  REPLACE_BINARY_MulAssign_arg1_volatile_int_arg2_int(arg1_evaluated, arg2);
  REPLACE_BINARY_OrAssign_arg1_volatile_int_arg2_int(arg1_evaluated, arg2);
  REPLACE_BINARY_RemAssign_arg1_volatile_int_arg2_int(arg1_evaluated, arg2);
  REPLACE_BINARY_ShlAssign_arg1_volatile_int_arg2_int(arg1_evaluated, arg2);
  REPLACE_BINARY_ShrAssign_arg1_volatile_int_arg2_int(arg1_evaluated, arg2);
  REPLACE_BINARY_SubAssign_arg1_volatile_int_arg2_int(arg1_evaluated, arg2);
  REPLACE_BINARY_XorAssign_arg1_volatile_int_arg2_int(arg1_evaluated, arg2);
  return MUTATION_RETURN(arg1_evaluated = arg2);
}

__attribute__((always_inline)) static int& __dredd_replace_unary_operator_PreDec_int(int& arg, int local_mutation_id) {
  int arg_original = arg;
  MUTATION_PRELUDE(--arg,int&);
  REPLACE_UNARY_PreInc_int(arg_original);
  REPLACE_UNARY_ARG_int(arg_original);
  return MUTATION_RETURN(--arg_original);
}

__attribute__((always_inline)) static int& __dredd_replace_binary_operator_Assign_arg1_int_arg2_int(std::function<int&()> arg1, int arg2, int local_mutation_id) {
  int& arg1_evaluated = arg1();
  MUTATION_PRELUDE(arg1_evaluated = arg2,int&);
  REPLACE_BINARY_AddAssign_arg1_int_arg2_int(arg1_evaluated, arg2);
  REPLACE_BINARY_AndAssign_arg1_int_arg2_int(arg1_evaluated, arg2);
  REPLACE_BINARY_DivAssign_arg1_int_arg2_int(arg1_evaluated, arg2);
  REPLACE_BINARY_MulAssign_arg1_int_arg2_int(arg1_evaluated, arg2);
  REPLACE_BINARY_OrAssign_arg1_int_arg2_int(arg1_evaluated, arg2);
  REPLACE_BINARY_RemAssign_arg1_int_arg2_int(arg1_evaluated, arg2);
  REPLACE_BINARY_ShlAssign_arg1_int_arg2_int(arg1_evaluated, arg2);
  REPLACE_BINARY_ShrAssign_arg1_int_arg2_int(arg1_evaluated, arg2);
  REPLACE_BINARY_SubAssign_arg1_int_arg2_int(arg1_evaluated, arg2);
  REPLACE_BINARY_XorAssign_arg1_int_arg2_int(arg1_evaluated, arg2);
  return MUTATION_RETURN(arg1_evaluated = arg2);
}

int main() {
  int x = __dredd_replace_expr_int_constant(5, 0);
  __dredd_replace_binary_operator_Assign_arg1_int_arg2_int([&]() -> int& { return static_cast<int&>(__dredd_replace_unary_operator_PreDec_int(x, 5)); } , __dredd_replace_expr_int_constant(2, 7), 12);
  volatile int y = __dredd_replace_expr_int_constant(8, 23);
  __dredd_replace_binary_operator_Assign_arg1_volatile_int_arg2_int([&]() -> volatile int& { return static_cast<volatile int&>(__dredd_replace_unary_operator_PreDec_volatile_int(y, 28)); } , __dredd_replace_expr_int_constant(6, 30), 35);
  return __dredd_replace_expr_int(__dredd_replace_expr_int_lvalue(x, 46), 48);
}
