#include <stdio.h>

static unsigned long long int no_op = 0;

#include <inttypes.h>
#include <stdbool.h>
#include <stdlib.h>
#include <string.h>

#ifdef _MSC_VER
#define thread_local __declspec(thread)
#elif __APPLE__
#define thread_local __thread
#else
#include <threads.h>
#endif

#include <limits.h>
#include <float.h>
#include <math.h>
#define MUTATION_RETURN(arg) actual_result
#define MUTATION_PRELUDE(arg,type) type actual_result = (arg)
int main() {
  printf("%s\n", "A\n");
  printf("%s\n", "B\n");
  printf("%s\n", "C\n");
  printf("%s\n", "D\n");
  printf("%s\n", "E\n");
  printf("%s\n", "F\n");
  printf("%s\n", "G\n");
}
