#include <cinttypes>
#include <cstddef>
#include <functional>
#include <string>


#ifdef _MSC_VER
#define thread_local __declspec(thread)
#elif __APPLE__
#define thread_local __thread
#endif

static thread_local bool __dredd_some_mutation_enabled = true;
static bool __dredd_enabled_mutation(int local_mutation_id) {
  static thread_local bool initialized = false;
  static thread_local uint64_t enabled_bitset[1];
  if (!initialized) {
    bool some_mutation_enabled = false;
    const char* dredd_environment_variable = std::getenv("DREDD_ENABLED_MUTATION");
    if (dredd_environment_variable != nullptr) {
      std::string contents(dredd_environment_variable);
      while (true) {
        size_t pos = contents.find(",");
        std::string token = (pos == std::string::npos ? contents : contents.substr(0, pos));
        if (!token.empty()) {
          int value = std::stoi(token);
          int local_value = value - 0;
          if (local_value >= 0 && local_value < 54) {
            enabled_bitset[local_value / 64] |= (1 << (local_value % 64));
            some_mutation_enabled = true;
          }
        }
        if (pos == std::string::npos) {
          break;
        }
        contents.erase(0, pos + 1);
      }
    }
    initialized = true;
    __dredd_some_mutation_enabled = some_mutation_enabled;
  }
  return (enabled_bitset[local_mutation_id / 64] & (1 << (local_mutation_id % 64))) != 0;
}

#define MUTATION_RETURN(arg) arg
#define REPLACE_UNARY_PostDec_EVALUATED(mutation_id_offset) if (__dredd_enabled_mutation(local_mutation_id + mutation_id_offset)) return arg()--
#define REPLACE_UNARY_Not_EVALUATED(mutation_id_offset) if (__dredd_enabled_mutation(local_mutation_id + mutation_id_offset)) return ~arg()
#define REPLACE_UNARY_Minus_EVALUATED(mutation_id_offset) if (__dredd_enabled_mutation(local_mutation_id + mutation_id_offset)) return -arg()
#define REPLACE_UNARY_LNot_EVALUATED(mutation_id_offset) if (__dredd_enabled_mutation(local_mutation_id + mutation_id_offset)) return !arg()
#define REPLACE_UNARY_ARG_EVALUATED(mutation_id_offset) if (__dredd_enabled_mutation(local_mutation_id + mutation_id_offset)) return arg()
#define REPLACE_EXPR_INT_ZERO(mutation_id_offset) if (__dredd_enabled_mutation(local_mutation_id + mutation_id_offset)) return 0
#define REPLACE_EXPR_INT_ONE(mutation_id_offset) if (__dredd_enabled_mutation(local_mutation_id + mutation_id_offset)) return 1
#define REPLACE_EXPR_INT_MINUS_ONE(mutation_id_offset) if (__dredd_enabled_mutation(local_mutation_id + mutation_id_offset)) return -1
#define REPLACE_EXPR_FALSE(mutation_id_offset) if (__dredd_enabled_mutation(local_mutation_id + mutation_id_offset)) return false
#define REPLACE_BINARY_XorAssign_RHS_EVALUATED(mutation_id_offset) if (__dredd_enabled_mutation(local_mutation_id + mutation_id_offset)) return arg1 ^= arg2()
#define REPLACE_BINARY_SubAssign_RHS_EVALUATED(mutation_id_offset) if (__dredd_enabled_mutation(local_mutation_id + mutation_id_offset)) return arg1 -= arg2()
#define REPLACE_BINARY_ShrAssign_RHS_EVALUATED(mutation_id_offset) if (__dredd_enabled_mutation(local_mutation_id + mutation_id_offset)) return arg1 >>= arg2()
#define REPLACE_BINARY_ShlAssign_RHS_EVALUATED(mutation_id_offset) if (__dredd_enabled_mutation(local_mutation_id + mutation_id_offset)) return arg1 <<= arg2()
#define REPLACE_BINARY_RemAssign_RHS_EVALUATED(mutation_id_offset) if (__dredd_enabled_mutation(local_mutation_id + mutation_id_offset)) return arg1 %= arg2()
#define REPLACE_BINARY_OrAssign_RHS_EVALUATED(mutation_id_offset) if (__dredd_enabled_mutation(local_mutation_id + mutation_id_offset)) return arg1 |= arg2()
#define REPLACE_BINARY_MulAssign_RHS_EVALUATED(mutation_id_offset) if (__dredd_enabled_mutation(local_mutation_id + mutation_id_offset)) return arg1 *= arg2()
#define REPLACE_BINARY_DivAssign_RHS_EVALUATED(mutation_id_offset) if (__dredd_enabled_mutation(local_mutation_id + mutation_id_offset)) return arg1 /= arg2()
#define REPLACE_BINARY_AndAssign_RHS_EVALUATED(mutation_id_offset) if (__dredd_enabled_mutation(local_mutation_id + mutation_id_offset)) return arg1 &= arg2()
#define REPLACE_BINARY_AddAssign_RHS_EVALUATED(mutation_id_offset) if (__dredd_enabled_mutation(local_mutation_id + mutation_id_offset)) return arg1 += arg2()
#define MUTATION_EXPR_NOT_EVALUATED(mutation_id_offset) if (__dredd_enabled_mutation(local_mutation_id + mutation_id_offset)) return ~(arg())
#define MUTATION_EXPR_NOT(mutation_id_offset) if (__dredd_enabled_mutation(local_mutation_id + mutation_id_offset)) return ~(arg)
#define MUTATION_EXPR_MINUS_EVALUATED(mutation_id_offset) if (__dredd_enabled_mutation(local_mutation_id + mutation_id_offset)) return -(arg())
#define MUTATION_EXPR_MINUS(mutation_id_offset) if (__dredd_enabled_mutation(local_mutation_id + mutation_id_offset)) return -(arg)
#define MUTATION_EXPR_LNOT_EVALUATED(mutation_id_offset) if (__dredd_enabled_mutation(local_mutation_id + mutation_id_offset)) return !(arg())
#define MUTATION_PRELUDE(arg) if (!__dredd_some_mutation_enabled) return arg
static int& __dredd_replace_binary_operator_Assign_arg1_int_arg2_int(int& arg1, std::function<int()> arg2, int local_mutation_id) {
  MUTATION_PRELUDE(arg1 = arg2());
  REPLACE_BINARY_AddAssign_RHS_EVALUATED(0);
  REPLACE_BINARY_AndAssign_RHS_EVALUATED(1);
  REPLACE_BINARY_DivAssign_RHS_EVALUATED(2);
  REPLACE_BINARY_MulAssign_RHS_EVALUATED(3);
  REPLACE_BINARY_OrAssign_RHS_EVALUATED(4);
  REPLACE_BINARY_RemAssign_RHS_EVALUATED(5);
  REPLACE_BINARY_ShlAssign_RHS_EVALUATED(6);
  REPLACE_BINARY_ShrAssign_RHS_EVALUATED(7);
  REPLACE_BINARY_SubAssign_RHS_EVALUATED(8);
  REPLACE_BINARY_XorAssign_RHS_EVALUATED(9);
  return MUTATION_RETURN(arg1 = arg2());
}

static int __dredd_replace_unary_operator_PostInc_int(std::function<int&()> arg, int local_mutation_id) {
  MUTATION_PRELUDE(arg()++);
  REPLACE_UNARY_PostDec_EVALUATED(0);
  REPLACE_UNARY_Not_EVALUATED(1);
  REPLACE_UNARY_Minus_EVALUATED(2);
  REPLACE_UNARY_LNot_EVALUATED(3);
  REPLACE_UNARY_ARG_EVALUATED(4);
  return MUTATION_RETURN(arg()++);
}

static int __dredd_replace_expr_int_one(int arg, int local_mutation_id) {
  MUTATION_PRELUDE(arg);
  MUTATION_EXPR_NOT(0);
  REPLACE_EXPR_INT_ZERO(1);
  REPLACE_EXPR_INT_MINUS_ONE(2);
  return MUTATION_RETURN(arg);
}

static int __dredd_replace_expr_int_constant(int arg, int local_mutation_id) {
  MUTATION_PRELUDE(arg);
  MUTATION_EXPR_NOT(0);
  MUTATION_EXPR_MINUS(1);
  REPLACE_EXPR_INT_ZERO(2);
  REPLACE_EXPR_INT_ONE(3);
  REPLACE_EXPR_INT_MINUS_ONE(4);
  return MUTATION_RETURN(arg);
}

static int __dredd_replace_expr_int(std::function<int()> arg, int local_mutation_id) {
  MUTATION_PRELUDE(arg());
  MUTATION_EXPR_LNOT_EVALUATED(0);
  MUTATION_EXPR_NOT_EVALUATED(1);
  MUTATION_EXPR_MINUS_EVALUATED(2);
  REPLACE_EXPR_INT_ZERO(3);
  REPLACE_EXPR_INT_ONE(4);
  REPLACE_EXPR_INT_MINUS_ONE(5);
  return MUTATION_RETURN(arg());
}

static bool __dredd_replace_expr_bool_true(bool arg, int local_mutation_id) {
  MUTATION_PRELUDE(arg);
  REPLACE_EXPR_FALSE(0);
  return MUTATION_RETURN(arg);
}

void foo() {
  int a[2] = {__dredd_replace_expr_int_one(1, 0), __dredd_replace_expr_int_constant(2, 3)};
  if (!__dredd_enabled_mutation(53)) { if (__dredd_replace_expr_bool_true(true, 8)) {
    auto [x, y] = a;
    auto& [xr, yr] = a;
    if (!__dredd_enabled_mutation(30)) { __dredd_replace_binary_operator_Assign_arg1_int_arg2_int(xr , [&]() -> int { return static_cast<int>(__dredd_replace_expr_int([&]() -> int { return static_cast<int>(__dredd_replace_unary_operator_PostInc_int([&]() -> int& { return static_cast<int&>(y); }, 9)); }, 14)); }, 20); }
    if (!__dredd_enabled_mutation(52)) { __dredd_replace_binary_operator_Assign_arg1_int_arg2_int(yr , [&]() -> int { return static_cast<int>(__dredd_replace_expr_int([&]() -> int { return static_cast<int>(__dredd_replace_unary_operator_PostInc_int([&]() -> int& { return static_cast<int&>(x); }, 31)); }, 36)); }, 42); }
  } }
}
