#include <inttypes.h>
#include <stdlib.h>
#include <string.h>
static int __dredd_some_mutation_enabled = 1;
static int __dredd_enabled_mutation(int local_mutation_id) {
  static int initialized = 0;
  static uint64_t enabled_bitset[2];
  if (!initialized) {
    int some_mutation_enabled = 0;
    const char* dredd_environment_variable = getenv("DREDD_ENABLED_MUTATION");
    if (dredd_environment_variable) {
      char* temp = malloc(strlen(dredd_environment_variable) + 1);
      strcpy(temp, dredd_environment_variable);
      char* token;
      token = strtok(temp, ",");
      while(token) {
        int value = atoi(token);
        int local_value = value - 0;
        if (local_value >= 0 && local_value < 103) {
          enabled_bitset[local_value / 64] |= (1 << (local_value % 64));
          some_mutation_enabled = 1;
        }
        token = strtok(NULL, ",");
      }
      free(temp);
    }
    initialized = 1;
    __dredd_some_mutation_enabled = some_mutation_enabled;
  }
  return enabled_bitset[local_mutation_id / 64] & (1 << (local_mutation_id % 64));
}

static int __dredd_replace_unary_operator_PreInc_int(int* arg, int local_mutation_id) {
  if (!__dredd_some_mutation_enabled) return ++(*arg);
  if (__dredd_enabled_mutation(local_mutation_id + 0)) return --(*arg);
  if (__dredd_enabled_mutation(local_mutation_id + 1)) return ~(*arg);
  if (__dredd_enabled_mutation(local_mutation_id + 2)) return -(*arg);
  if (__dredd_enabled_mutation(local_mutation_id + 3)) return !(*arg);
  if (__dredd_enabled_mutation(local_mutation_id + 4)) return (*arg);
  return ++(*arg);
}

static int __dredd_replace_unary_operator_PreDec_int(int* arg, int local_mutation_id) {
  if (!__dredd_some_mutation_enabled) return --(*arg);
  if (__dredd_enabled_mutation(local_mutation_id + 0)) return ++(*arg);
  if (__dredd_enabled_mutation(local_mutation_id + 1)) return ~(*arg);
  if (__dredd_enabled_mutation(local_mutation_id + 2)) return -(*arg);
  if (__dredd_enabled_mutation(local_mutation_id + 3)) return !(*arg);
  if (__dredd_enabled_mutation(local_mutation_id + 4)) return (*arg);
  return --(*arg);
}

static int __dredd_replace_unary_operator_PostInc_int(int* arg, int local_mutation_id) {
  if (!__dredd_some_mutation_enabled) return (*arg)++;
  if (__dredd_enabled_mutation(local_mutation_id + 0)) return (*arg)--;
  if (__dredd_enabled_mutation(local_mutation_id + 1)) return ~(*arg);
  if (__dredd_enabled_mutation(local_mutation_id + 2)) return -(*arg);
  if (__dredd_enabled_mutation(local_mutation_id + 3)) return !(*arg);
  if (__dredd_enabled_mutation(local_mutation_id + 4)) return (*arg);
  return (*arg)++;
}

static int __dredd_replace_unary_operator_PostDec_int(int* arg, int local_mutation_id) {
  if (!__dredd_some_mutation_enabled) return (*arg)--;
  if (__dredd_enabled_mutation(local_mutation_id + 0)) return (*arg)++;
  if (__dredd_enabled_mutation(local_mutation_id + 1)) return ~(*arg);
  if (__dredd_enabled_mutation(local_mutation_id + 2)) return -(*arg);
  if (__dredd_enabled_mutation(local_mutation_id + 3)) return !(*arg);
  if (__dredd_enabled_mutation(local_mutation_id + 4)) return (*arg);
  return (*arg)--;
}

static int __dredd_replace_unary_operator_Minus_int(int arg, int local_mutation_id) {
  if (!__dredd_some_mutation_enabled) return -arg;
  if (__dredd_enabled_mutation(local_mutation_id + 0)) return ~arg;
  if (__dredd_enabled_mutation(local_mutation_id + 1)) return !arg;
  if (__dredd_enabled_mutation(local_mutation_id + 2)) return arg;
  return -arg;
}

static int __dredd_replace_expr_int_lvalue(int* arg, int local_mutation_id) {
  if (!__dredd_some_mutation_enabled) return (*arg);
  if (__dredd_enabled_mutation(local_mutation_id + 0)) return ++((*arg));
  if (__dredd_enabled_mutation(local_mutation_id + 1)) return --((*arg));
  return (*arg);
}

static int __dredd_replace_expr_int(int arg, int local_mutation_id) {
  if (!__dredd_some_mutation_enabled) return arg;
  if (__dredd_enabled_mutation(local_mutation_id + 0)) return !(arg);
  if (__dredd_enabled_mutation(local_mutation_id + 1)) return ~(arg);
  if (__dredd_enabled_mutation(local_mutation_id + 2)) return 0;
  if (__dredd_enabled_mutation(local_mutation_id + 3)) return 1;
  if (__dredd_enabled_mutation(local_mutation_id + 4)) return -1;
  return arg;
}

static float __dredd_replace_unary_operator_PreInc_float(float* arg, int local_mutation_id) {
  if (!__dredd_some_mutation_enabled) return ++(*arg);
  if (__dredd_enabled_mutation(local_mutation_id + 0)) return --(*arg);
  if (__dredd_enabled_mutation(local_mutation_id + 1)) return -(*arg);
  if (__dredd_enabled_mutation(local_mutation_id + 2)) return !(*arg);
  if (__dredd_enabled_mutation(local_mutation_id + 3)) return (*arg);
  return ++(*arg);
}

static float __dredd_replace_unary_operator_PreDec_float(float* arg, int local_mutation_id) {
  if (!__dredd_some_mutation_enabled) return --(*arg);
  if (__dredd_enabled_mutation(local_mutation_id + 0)) return ++(*arg);
  if (__dredd_enabled_mutation(local_mutation_id + 1)) return -(*arg);
  if (__dredd_enabled_mutation(local_mutation_id + 2)) return !(*arg);
  if (__dredd_enabled_mutation(local_mutation_id + 3)) return (*arg);
  return --(*arg);
}

static float __dredd_replace_unary_operator_PostInc_float(float* arg, int local_mutation_id) {
  if (!__dredd_some_mutation_enabled) return (*arg)++;
  if (__dredd_enabled_mutation(local_mutation_id + 0)) return (*arg)--;
  if (__dredd_enabled_mutation(local_mutation_id + 1)) return -(*arg);
  if (__dredd_enabled_mutation(local_mutation_id + 2)) return !(*arg);
  if (__dredd_enabled_mutation(local_mutation_id + 3)) return (*arg);
  return (*arg)++;
}

static float __dredd_replace_unary_operator_PostDec_float(float* arg, int local_mutation_id) {
  if (!__dredd_some_mutation_enabled) return (*arg)--;
  if (__dredd_enabled_mutation(local_mutation_id + 0)) return (*arg)++;
  if (__dredd_enabled_mutation(local_mutation_id + 1)) return -(*arg);
  if (__dredd_enabled_mutation(local_mutation_id + 2)) return !(*arg);
  if (__dredd_enabled_mutation(local_mutation_id + 3)) return (*arg);
  return (*arg)--;
}

static float __dredd_replace_expr_float(float arg, int local_mutation_id) {
  if (!__dredd_some_mutation_enabled) return arg;
  if (__dredd_enabled_mutation(local_mutation_id + 0)) return 0.0;
  if (__dredd_enabled_mutation(local_mutation_id + 1)) return 1.0;
  if (__dredd_enabled_mutation(local_mutation_id + 2)) return -1.0;
  return arg;
}

static double __dredd_replace_expr_double(double arg, int local_mutation_id) {
  if (!__dredd_some_mutation_enabled) return arg;
  if (__dredd_enabled_mutation(local_mutation_id + 0)) return 0.0;
  if (__dredd_enabled_mutation(local_mutation_id + 1)) return 1.0;
  if (__dredd_enabled_mutation(local_mutation_id + 2)) return -1.0;
  return arg;
}

int main() {
  int x = __dredd_replace_expr_int(3, 0);
  float y = __dredd_replace_expr_float(__dredd_replace_expr_double(3.532, 5), 8);
  if (!__dredd_enabled_mutation(21)) { __dredd_replace_expr_int(__dredd_replace_unary_operator_PostInc_int(&(x), 11), 16); }
  if (!__dredd_enabled_mutation(29)) { __dredd_replace_expr_float(__dredd_replace_unary_operator_PostInc_float(&(y), 22), 26); }
  if (!__dredd_enabled_mutation(40)) { __dredd_replace_expr_int(__dredd_replace_unary_operator_PreInc_int(&(x), 30), 35); }
  if (!__dredd_enabled_mutation(48)) { __dredd_replace_expr_float(__dredd_replace_unary_operator_PreInc_float(&(y), 41), 45); }
  if (!__dredd_enabled_mutation(59)) { __dredd_replace_expr_int(__dredd_replace_unary_operator_PreDec_int(&(x), 49), 54); }
  if (!__dredd_enabled_mutation(67)) { __dredd_replace_expr_float(__dredd_replace_unary_operator_PreDec_float(&(y), 60), 64); }
  if (!__dredd_enabled_mutation(78)) { __dredd_replace_expr_int(__dredd_replace_unary_operator_PostDec_int(&(x), 68), 73); }
  if (!__dredd_enabled_mutation(86)) { __dredd_replace_expr_float(__dredd_replace_unary_operator_PostDec_float(&(y), 79), 83); }
  if (!__dredd_enabled_mutation(102)) { return __dredd_replace_expr_int(__dredd_replace_unary_operator_Minus_int(__dredd_replace_expr_int(__dredd_replace_expr_int_lvalue(&(x), 87), 89), 94), 97); }
}
