#include <inttypes.h>
#include <stdlib.h>
#include <string.h>
static int __dredd_some_mutation_enabled = 1;
static int __dredd_enabled_mutation(int local_mutation_id) {
  static int initialized = 0;
  static uint64_t enabled_bitset[2];
  if (!initialized) {
    int some_mutation_enabled = 0;
    const char* dredd_environment_variable = getenv("DREDD_ENABLED_MUTATION");
    if (dredd_environment_variable) {
      char* temp = malloc(strlen(dredd_environment_variable) + 1);
      strcpy(temp, dredd_environment_variable);
      char* token;
      token = strtok(temp, ",");
      while(token) {
        int value = atoi(token);
        int local_value = value - 0;
        if (local_value >= 0 && local_value < 70) {
          enabled_bitset[local_value / 64] |= (1 << (local_value % 64));
          some_mutation_enabled = 1;
        }
        token = strtok(NULL, ",");
      }
      free(temp);
    }
    initialized = 1;
    __dredd_some_mutation_enabled = some_mutation_enabled;
  }
  return enabled_bitset[local_mutation_id / 64] & (1 << (local_mutation_id % 64));
}

static int __dredd_replace_unary_operator_PreInc_int(int* arg, int local_mutation_id) {
  if (!__dredd_some_mutation_enabled) return ++(*arg);
  if (__dredd_enabled_mutation(local_mutation_id + 0)) return --(*arg);
  if (__dredd_enabled_mutation(local_mutation_id + 1)) return ~(*arg);
  if (__dredd_enabled_mutation(local_mutation_id + 2)) return -(*arg);
  if (__dredd_enabled_mutation(local_mutation_id + 3)) return !(*arg);
  if (__dredd_enabled_mutation(local_mutation_id + 4)) return (*arg);
  return ++(*arg);
}

static int __dredd_replace_unary_operator_PreDec_int(int* arg, int local_mutation_id) {
  if (!__dredd_some_mutation_enabled) return --(*arg);
  if (__dredd_enabled_mutation(local_mutation_id + 0)) return ++(*arg);
  if (__dredd_enabled_mutation(local_mutation_id + 1)) return ~(*arg);
  if (__dredd_enabled_mutation(local_mutation_id + 2)) return -(*arg);
  if (__dredd_enabled_mutation(local_mutation_id + 3)) return !(*arg);
  if (__dredd_enabled_mutation(local_mutation_id + 4)) return (*arg);
  return --(*arg);
}

static int __dredd_replace_unary_operator_PostInc_int(int* arg, int local_mutation_id) {
  if (!__dredd_some_mutation_enabled) return (*arg)++;
  if (__dredd_enabled_mutation(local_mutation_id + 0)) return (*arg)--;
  if (__dredd_enabled_mutation(local_mutation_id + 1)) return ~(*arg);
  if (__dredd_enabled_mutation(local_mutation_id + 2)) return -(*arg);
  if (__dredd_enabled_mutation(local_mutation_id + 3)) return !(*arg);
  if (__dredd_enabled_mutation(local_mutation_id + 4)) return (*arg);
  return (*arg)++;
}

static int __dredd_replace_unary_operator_PostDec_int(int* arg, int local_mutation_id) {
  if (!__dredd_some_mutation_enabled) return (*arg)--;
  if (__dredd_enabled_mutation(local_mutation_id + 0)) return (*arg)++;
  if (__dredd_enabled_mutation(local_mutation_id + 1)) return ~(*arg);
  if (__dredd_enabled_mutation(local_mutation_id + 2)) return -(*arg);
  if (__dredd_enabled_mutation(local_mutation_id + 3)) return !(*arg);
  if (__dredd_enabled_mutation(local_mutation_id + 4)) return (*arg);
  return (*arg)--;
}

static int __dredd_replace_unary_operator_Minus_int(int arg, int local_mutation_id) {
  if (!__dredd_some_mutation_enabled) return -arg;
  if (__dredd_enabled_mutation(local_mutation_id + 0)) return ~arg;
  if (__dredd_enabled_mutation(local_mutation_id + 1)) return !arg;
  return -arg;
}

static int __dredd_replace_expr_int_lvalue(int* arg, int local_mutation_id) {
  if (!__dredd_some_mutation_enabled) return (*arg);
  if (__dredd_enabled_mutation(local_mutation_id + 0)) return ++((*arg));
  if (__dredd_enabled_mutation(local_mutation_id + 1)) return --((*arg));
  return (*arg);
}

static int __dredd_replace_expr_int_constant(int arg, int local_mutation_id) {
  if (!__dredd_some_mutation_enabled) return arg;
  if (__dredd_enabled_mutation(local_mutation_id + 0)) return ~(arg);
  if (__dredd_enabled_mutation(local_mutation_id + 1)) return -(arg);
  if (__dredd_enabled_mutation(local_mutation_id + 2)) return 0;
  if (__dredd_enabled_mutation(local_mutation_id + 3)) return 1;
  if (__dredd_enabled_mutation(local_mutation_id + 4)) return -1;
  return arg;
}

static int __dredd_replace_expr_int(int arg, int local_mutation_id) {
  if (!__dredd_some_mutation_enabled) return arg;
  if (__dredd_enabled_mutation(local_mutation_id + 0)) return !(arg);
  if (__dredd_enabled_mutation(local_mutation_id + 1)) return ~(arg);
  if (__dredd_enabled_mutation(local_mutation_id + 2)) return -(arg);
  if (__dredd_enabled_mutation(local_mutation_id + 3)) return 0;
  if (__dredd_enabled_mutation(local_mutation_id + 4)) return 1;
  if (__dredd_enabled_mutation(local_mutation_id + 5)) return -1;
  return arg;
}

static float __dredd_replace_unary_operator_PreInc_float(float* arg, int local_mutation_id) {
  if (!__dredd_some_mutation_enabled) return ++(*arg);
  if (__dredd_enabled_mutation(local_mutation_id + 0)) return --(*arg);
  if (__dredd_enabled_mutation(local_mutation_id + 1)) return -(*arg);
  if (__dredd_enabled_mutation(local_mutation_id + 2)) return !(*arg);
  if (__dredd_enabled_mutation(local_mutation_id + 3)) return (*arg);
  return ++(*arg);
}

static float __dredd_replace_unary_operator_PreDec_float(float* arg, int local_mutation_id) {
  if (!__dredd_some_mutation_enabled) return --(*arg);
  if (__dredd_enabled_mutation(local_mutation_id + 0)) return ++(*arg);
  if (__dredd_enabled_mutation(local_mutation_id + 1)) return -(*arg);
  if (__dredd_enabled_mutation(local_mutation_id + 2)) return !(*arg);
  if (__dredd_enabled_mutation(local_mutation_id + 3)) return (*arg);
  return --(*arg);
}

static float __dredd_replace_unary_operator_PostInc_float(float* arg, int local_mutation_id) {
  if (!__dredd_some_mutation_enabled) return (*arg)++;
  if (__dredd_enabled_mutation(local_mutation_id + 0)) return (*arg)--;
  if (__dredd_enabled_mutation(local_mutation_id + 1)) return -(*arg);
  if (__dredd_enabled_mutation(local_mutation_id + 2)) return !(*arg);
  if (__dredd_enabled_mutation(local_mutation_id + 3)) return (*arg);
  return (*arg)++;
}

static float __dredd_replace_unary_operator_PostDec_float(float* arg, int local_mutation_id) {
  if (!__dredd_some_mutation_enabled) return (*arg)--;
  if (__dredd_enabled_mutation(local_mutation_id + 0)) return (*arg)++;
  if (__dredd_enabled_mutation(local_mutation_id + 1)) return -(*arg);
  if (__dredd_enabled_mutation(local_mutation_id + 2)) return !(*arg);
  if (__dredd_enabled_mutation(local_mutation_id + 3)) return (*arg);
  return (*arg)--;
}

static float __dredd_replace_expr_float(float arg, int local_mutation_id) {
  if (!__dredd_some_mutation_enabled) return arg;
  if (__dredd_enabled_mutation(local_mutation_id + 0)) return -(arg);
  if (__dredd_enabled_mutation(local_mutation_id + 1)) return 0.0;
  if (__dredd_enabled_mutation(local_mutation_id + 2)) return 1.0;
  if (__dredd_enabled_mutation(local_mutation_id + 3)) return -1.0;
  return arg;
}

int main() {
  int x = __dredd_replace_expr_int_constant(3, 0);
  float y = __dredd_replace_expr_float(3.532, 5);
  if (!__dredd_enabled_mutation(14)) { __dredd_replace_unary_operator_PostInc_int(&(x), 9); }
  if (!__dredd_enabled_mutation(19)) { __dredd_replace_unary_operator_PostInc_float(&(y), 15); }
  if (!__dredd_enabled_mutation(25)) { __dredd_replace_unary_operator_PreInc_int(&(x), 20); }
  if (!__dredd_enabled_mutation(30)) { __dredd_replace_unary_operator_PreInc_float(&(y), 26); }
  if (!__dredd_enabled_mutation(36)) { __dredd_replace_unary_operator_PreDec_int(&(x), 31); }
  if (!__dredd_enabled_mutation(41)) { __dredd_replace_unary_operator_PreDec_float(&(y), 37); }
  if (!__dredd_enabled_mutation(47)) { __dredd_replace_unary_operator_PostDec_int(&(x), 42); }
  if (!__dredd_enabled_mutation(52)) { __dredd_replace_unary_operator_PostDec_float(&(y), 48); }
  if (!__dredd_enabled_mutation(69)) { return __dredd_replace_expr_int(__dredd_replace_unary_operator_Minus_int(__dredd_replace_expr_int(__dredd_replace_expr_int_lvalue(&(x), 53), 55), 61), 63); }
}
