#include <cinttypes>
#include <cstddef>
#include <functional>
#include <string>


#ifdef _MSC_VER
#define thread_local __declspec(thread)
#elif __APPLE__
#define thread_local __thread
#endif

static thread_local bool __dredd_some_mutation_enabled = true;
static bool __dredd_enabled_mutation(int local_mutation_id) {
  static thread_local bool initialized = false;
  static thread_local uint64_t enabled_bitset[2];
  if (!initialized) {
    bool some_mutation_enabled = false;
    const char* dredd_environment_variable = std::getenv("DREDD_ENABLED_MUTATION");
    if (dredd_environment_variable != nullptr) {
      std::string contents(dredd_environment_variable);
      while (true) {
        size_t pos = contents.find(",");
        std::string token = (pos == std::string::npos ? contents : contents.substr(0, pos));
        if (!token.empty()) {
          int value = std::stoi(token);
          int local_value = value - 0;
          if (local_value >= 0 && local_value < 86) {
            enabled_bitset[local_value / 64] |= (static_cast<uint64_t>(1) << (local_value % 64));
            some_mutation_enabled = true;
          }
        }
        if (pos == std::string::npos) {
          break;
        }
        contents.erase(0, pos + 1);
      }
    }
    initialized = true;
    __dredd_some_mutation_enabled = some_mutation_enabled;
  }
  return (enabled_bitset[local_mutation_id / 64] & (static_cast<uint64_t>(1) << (local_mutation_id % 64))) != 0;
}

static int& __dredd_replace_unary_operator_PreInc_int(std::function<int&()> arg, int local_mutation_id) {
  if (!__dredd_some_mutation_enabled) return ++arg();
  if (__dredd_enabled_mutation(local_mutation_id + 0)) return --arg();
  if (__dredd_enabled_mutation(local_mutation_id + 1)) return arg();
  return ++arg();
}

static int& __dredd_replace_unary_operator_PreDec_int(std::function<int&()> arg, int local_mutation_id) {
  if (!__dredd_some_mutation_enabled) return --arg();
  if (__dredd_enabled_mutation(local_mutation_id + 0)) return ++arg();
  if (__dredd_enabled_mutation(local_mutation_id + 1)) return arg();
  return --arg();
}

static int __dredd_replace_unary_operator_PostInc_int(std::function<int&()> arg, int local_mutation_id) {
  if (!__dredd_some_mutation_enabled) return arg()++;
  if (__dredd_enabled_mutation(local_mutation_id + 0)) return arg()--;
  if (__dredd_enabled_mutation(local_mutation_id + 1)) return ~arg();
  if (__dredd_enabled_mutation(local_mutation_id + 2)) return -arg();
  if (__dredd_enabled_mutation(local_mutation_id + 3)) return !arg();
  if (__dredd_enabled_mutation(local_mutation_id + 4)) return arg();
  return arg()++;
}

static int __dredd_replace_unary_operator_PostDec_int(std::function<int&()> arg, int local_mutation_id) {
  if (!__dredd_some_mutation_enabled) return arg()--;
  if (__dredd_enabled_mutation(local_mutation_id + 0)) return arg()++;
  if (__dredd_enabled_mutation(local_mutation_id + 1)) return ~arg();
  if (__dredd_enabled_mutation(local_mutation_id + 2)) return -arg();
  if (__dredd_enabled_mutation(local_mutation_id + 3)) return !arg();
  if (__dredd_enabled_mutation(local_mutation_id + 4)) return arg();
  return arg()--;
}

static int __dredd_replace_unary_operator_Minus_int(int arg, int local_mutation_id) {
  if (!__dredd_some_mutation_enabled) return -arg;
  if (__dredd_enabled_mutation(local_mutation_id + 0)) return ~arg;
  if (__dredd_enabled_mutation(local_mutation_id + 1)) return !arg;
  if (__dredd_enabled_mutation(local_mutation_id + 2)) return arg;
  return -arg;
}

static int __dredd_replace_expr_int_lvalue(int& arg, int local_mutation_id) {
  if (!__dredd_some_mutation_enabled) return arg;
  if (__dredd_enabled_mutation(local_mutation_id + 0)) return ++(arg);
  if (__dredd_enabled_mutation(local_mutation_id + 1)) return --(arg);
  return arg;
}

static int __dredd_replace_expr_int(std::function<int()> arg, int local_mutation_id) {
  if (!__dredd_some_mutation_enabled) return arg();
  if (__dredd_enabled_mutation(local_mutation_id + 0)) return !(arg());
  if (__dredd_enabled_mutation(local_mutation_id + 1)) return ~(arg());
  if (__dredd_enabled_mutation(local_mutation_id + 2)) return -(arg());
  if (__dredd_enabled_mutation(local_mutation_id + 3)) return 0;
  if (__dredd_enabled_mutation(local_mutation_id + 4)) return 1;
  if (__dredd_enabled_mutation(local_mutation_id + 5)) return -1;
  return arg();
}

static int __dredd_replace_expr_int(int arg, int local_mutation_id) {
  if (!__dredd_some_mutation_enabled) return arg;
  if (__dredd_enabled_mutation(local_mutation_id + 0)) return !(arg);
  if (__dredd_enabled_mutation(local_mutation_id + 1)) return ~(arg);
  if (__dredd_enabled_mutation(local_mutation_id + 2)) return -(arg);
  if (__dredd_enabled_mutation(local_mutation_id + 3)) return 0;
  if (__dredd_enabled_mutation(local_mutation_id + 4)) return 1;
  if (__dredd_enabled_mutation(local_mutation_id + 5)) return -1;
  return arg;
}

static float& __dredd_replace_unary_operator_PreInc_float(std::function<float&()> arg, int local_mutation_id) {
  if (!__dredd_some_mutation_enabled) return ++arg();
  if (__dredd_enabled_mutation(local_mutation_id + 0)) return --arg();
  if (__dredd_enabled_mutation(local_mutation_id + 1)) return arg();
  return ++arg();
}

static float& __dredd_replace_unary_operator_PreDec_float(std::function<float&()> arg, int local_mutation_id) {
  if (!__dredd_some_mutation_enabled) return --arg();
  if (__dredd_enabled_mutation(local_mutation_id + 0)) return ++arg();
  if (__dredd_enabled_mutation(local_mutation_id + 1)) return arg();
  return --arg();
}

static float __dredd_replace_unary_operator_PostInc_float(std::function<float&()> arg, int local_mutation_id) {
  if (!__dredd_some_mutation_enabled) return arg()++;
  if (__dredd_enabled_mutation(local_mutation_id + 0)) return arg()--;
  if (__dredd_enabled_mutation(local_mutation_id + 1)) return -arg();
  if (__dredd_enabled_mutation(local_mutation_id + 2)) return !arg();
  if (__dredd_enabled_mutation(local_mutation_id + 3)) return arg();
  return arg()++;
}

static float __dredd_replace_unary_operator_PostDec_float(std::function<float&()> arg, int local_mutation_id) {
  if (!__dredd_some_mutation_enabled) return arg()--;
  if (__dredd_enabled_mutation(local_mutation_id + 0)) return arg()++;
  if (__dredd_enabled_mutation(local_mutation_id + 1)) return -arg();
  if (__dredd_enabled_mutation(local_mutation_id + 2)) return !arg();
  if (__dredd_enabled_mutation(local_mutation_id + 3)) return arg();
  return arg()--;
}

static float __dredd_replace_expr_float(std::function<float()> arg, int local_mutation_id) {
  if (!__dredd_some_mutation_enabled) return arg();
  if (__dredd_enabled_mutation(local_mutation_id + 0)) return -(arg());
  if (__dredd_enabled_mutation(local_mutation_id + 1)) return 0.0;
  if (__dredd_enabled_mutation(local_mutation_id + 2)) return 1.0;
  if (__dredd_enabled_mutation(local_mutation_id + 3)) return -1.0;
  return arg();
}

static float __dredd_replace_expr_float(float arg, int local_mutation_id) {
  if (!__dredd_some_mutation_enabled) return arg;
  if (__dredd_enabled_mutation(local_mutation_id + 0)) return -(arg);
  if (__dredd_enabled_mutation(local_mutation_id + 1)) return 0.0;
  if (__dredd_enabled_mutation(local_mutation_id + 2)) return 1.0;
  if (__dredd_enabled_mutation(local_mutation_id + 3)) return -1.0;
  return arg;
}

static double __dredd_replace_expr_double(double arg, int local_mutation_id) {
  if (!__dredd_some_mutation_enabled) return arg;
  if (__dredd_enabled_mutation(local_mutation_id + 0)) return -(arg);
  if (__dredd_enabled_mutation(local_mutation_id + 1)) return 0.0;
  if (__dredd_enabled_mutation(local_mutation_id + 2)) return 1.0;
  if (__dredd_enabled_mutation(local_mutation_id + 3)) return -1.0;
  return arg;
}

int main() {
  int x = __dredd_replace_expr_int(3, 0);
  float y = __dredd_replace_expr_float(__dredd_replace_expr_double(3.532, 6), 10);
  if (!__dredd_enabled_mutation(25)) { __dredd_replace_expr_int([&]() -> int { return static_cast<int>(__dredd_replace_unary_operator_PostInc_int([&]() -> int& { return static_cast<int&>(x); }, 14)); }, 19); }
  if (!__dredd_enabled_mutation(34)) { __dredd_replace_expr_float([&]() -> float { return static_cast<float>(__dredd_replace_unary_operator_PostInc_float([&]() -> float& { return static_cast<float&>(y); }, 26)); }, 30); }
  if (!__dredd_enabled_mutation(37)) { __dredd_replace_unary_operator_PreInc_int([&]() -> int& { return static_cast<int&>(x); }, 35); }
  if (!__dredd_enabled_mutation(40)) { __dredd_replace_unary_operator_PreInc_float([&]() -> float& { return static_cast<float&>(y); }, 38); }
  if (!__dredd_enabled_mutation(43)) { __dredd_replace_unary_operator_PreDec_int([&]() -> int& { return static_cast<int&>(x); }, 41); }
  if (!__dredd_enabled_mutation(46)) { __dredd_replace_unary_operator_PreDec_float([&]() -> float& { return static_cast<float&>(y); }, 44); }
  if (!__dredd_enabled_mutation(58)) { __dredd_replace_expr_int([&]() -> int { return static_cast<int>(__dredd_replace_unary_operator_PostDec_int([&]() -> int& { return static_cast<int&>(x); }, 47)); }, 52); }
  if (!__dredd_enabled_mutation(67)) { __dredd_replace_expr_float([&]() -> float { return static_cast<float>(__dredd_replace_unary_operator_PostDec_float([&]() -> float& { return static_cast<float&>(y); }, 59)); }, 63); }
  if (!__dredd_enabled_mutation(85)) { return __dredd_replace_expr_int(__dredd_replace_unary_operator_Minus_int(__dredd_replace_expr_int(__dredd_replace_expr_int_lvalue(x, 68), 70), 76), 79); }
}
