#include <inttypes.h>
#include <stdbool.h>
#include <stdlib.h>
#include <string.h>

#ifdef _MSC_VER
#define thread_local __declspec(thread)
#elif __APPLE__
#define thread_local __thread
#else
#include <threads.h>
#endif

static thread_local int __dredd_some_mutation_enabled = 1;
static bool __dredd_enabled_mutation(int local_mutation_id) {
  static thread_local int initialized = 0;
  static thread_local uint64_t enabled_bitset[12];
  if (!initialized) {
    int some_mutation_enabled = 0;
    const char* dredd_environment_variable = getenv("DREDD_ENABLED_MUTATION");
    if (dredd_environment_variable) {
      char* temp = malloc(strlen(dredd_environment_variable) + 1);
      strcpy(temp, dredd_environment_variable);
      char* token;
      token = strtok(temp, ",");
      while(token) {
        int value = atoi(token);
        int local_value = value - 0;
        if (local_value >= 0 && local_value < 720) {
          enabled_bitset[local_value / 64] |= ((uint64_t) 1 << (local_value % 64));
          some_mutation_enabled = 1;
        }
        token = strtok(NULL, ",");
      }
      free(temp);
    }
    initialized = 1;
    __dredd_some_mutation_enabled = some_mutation_enabled;
  }
  return enabled_bitset[local_mutation_id / 64] & ((uint64_t) 1 << (local_mutation_id % 64));
}

static unsigned int __dredd_replace_expr_unsigned_int_lvalue(unsigned int* arg, int local_mutation_id) {
  if (!__dredd_some_mutation_enabled) return (*arg);
  if (__dredd_enabled_mutation(local_mutation_id + 0)) return ++((*arg));
  if (__dredd_enabled_mutation(local_mutation_id + 1)) return --((*arg));
  return (*arg);
}

static unsigned int __dredd_replace_expr_unsigned_int(unsigned int arg, int local_mutation_id) {
  if (!__dredd_some_mutation_enabled) return arg;
  if (__dredd_enabled_mutation(local_mutation_id + 0)) return !(arg);
  if (__dredd_enabled_mutation(local_mutation_id + 1)) return ~(arg);
  if (__dredd_enabled_mutation(local_mutation_id + 2)) return 0;
  if (__dredd_enabled_mutation(local_mutation_id + 3)) return 1;
  return arg;
}

static int __dredd_replace_expr_int(int arg, int local_mutation_id) {
  if (!__dredd_some_mutation_enabled) return arg;
  if (__dredd_enabled_mutation(local_mutation_id + 0)) return !(arg);
  if (__dredd_enabled_mutation(local_mutation_id + 1)) return ~(arg);
  if (__dredd_enabled_mutation(local_mutation_id + 2)) return -(arg);
  if (__dredd_enabled_mutation(local_mutation_id + 3)) return 0;
  if (__dredd_enabled_mutation(local_mutation_id + 4)) return 1;
  if (__dredd_enabled_mutation(local_mutation_id + 5)) return -1;
  return arg;
}

static int __dredd_replace_binary_operator_NE_arg1_unsigned_int_arg2_unsigned_int(unsigned int arg1, unsigned int arg2, int local_mutation_id) {
  if (!__dredd_some_mutation_enabled) return arg1 != arg2;
  if (__dredd_enabled_mutation(local_mutation_id + 0)) return arg1 == arg2;
  if (__dredd_enabled_mutation(local_mutation_id + 1)) return arg1 >= arg2;
  if (__dredd_enabled_mutation(local_mutation_id + 2)) return arg1 > arg2;
  if (__dredd_enabled_mutation(local_mutation_id + 3)) return arg1 <= arg2;
  if (__dredd_enabled_mutation(local_mutation_id + 4)) return arg1 < arg2;
  if (__dredd_enabled_mutation(local_mutation_id + 5)) return arg1;
  if (__dredd_enabled_mutation(local_mutation_id + 6)) return arg2;
  return arg1 != arg2;
}

static int __dredd_replace_binary_operator_LT_arg1_unsigned_int_arg2_unsigned_int(unsigned int arg1, unsigned int arg2, int local_mutation_id) {
  if (!__dredd_some_mutation_enabled) return arg1 < arg2;
  if (__dredd_enabled_mutation(local_mutation_id + 0)) return arg1 == arg2;
  if (__dredd_enabled_mutation(local_mutation_id + 1)) return arg1 != arg2;
  if (__dredd_enabled_mutation(local_mutation_id + 2)) return arg1 >= arg2;
  if (__dredd_enabled_mutation(local_mutation_id + 3)) return arg1 > arg2;
  if (__dredd_enabled_mutation(local_mutation_id + 4)) return arg1 <= arg2;
  if (__dredd_enabled_mutation(local_mutation_id + 5)) return arg1;
  if (__dredd_enabled_mutation(local_mutation_id + 6)) return arg2;
  return arg1 < arg2;
}

static int __dredd_replace_binary_operator_LE_arg1_unsigned_int_arg2_unsigned_int(unsigned int arg1, unsigned int arg2, int local_mutation_id) {
  if (!__dredd_some_mutation_enabled) return arg1 <= arg2;
  if (__dredd_enabled_mutation(local_mutation_id + 0)) return arg1 == arg2;
  if (__dredd_enabled_mutation(local_mutation_id + 1)) return arg1 != arg2;
  if (__dredd_enabled_mutation(local_mutation_id + 2)) return arg1 >= arg2;
  if (__dredd_enabled_mutation(local_mutation_id + 3)) return arg1 > arg2;
  if (__dredd_enabled_mutation(local_mutation_id + 4)) return arg1 < arg2;
  if (__dredd_enabled_mutation(local_mutation_id + 5)) return arg1;
  if (__dredd_enabled_mutation(local_mutation_id + 6)) return arg2;
  return arg1 <= arg2;
}

static int __dredd_replace_binary_operator_GT_arg1_unsigned_int_arg2_unsigned_int(unsigned int arg1, unsigned int arg2, int local_mutation_id) {
  if (!__dredd_some_mutation_enabled) return arg1 > arg2;
  if (__dredd_enabled_mutation(local_mutation_id + 0)) return arg1 == arg2;
  if (__dredd_enabled_mutation(local_mutation_id + 1)) return arg1 != arg2;
  if (__dredd_enabled_mutation(local_mutation_id + 2)) return arg1 >= arg2;
  if (__dredd_enabled_mutation(local_mutation_id + 3)) return arg1 <= arg2;
  if (__dredd_enabled_mutation(local_mutation_id + 4)) return arg1 < arg2;
  if (__dredd_enabled_mutation(local_mutation_id + 5)) return arg1;
  if (__dredd_enabled_mutation(local_mutation_id + 6)) return arg2;
  return arg1 > arg2;
}

static int __dredd_replace_binary_operator_GE_arg1_unsigned_int_arg2_unsigned_int(unsigned int arg1, unsigned int arg2, int local_mutation_id) {
  if (!__dredd_some_mutation_enabled) return arg1 >= arg2;
  if (__dredd_enabled_mutation(local_mutation_id + 0)) return arg1 == arg2;
  if (__dredd_enabled_mutation(local_mutation_id + 1)) return arg1 != arg2;
  if (__dredd_enabled_mutation(local_mutation_id + 2)) return arg1 > arg2;
  if (__dredd_enabled_mutation(local_mutation_id + 3)) return arg1 <= arg2;
  if (__dredd_enabled_mutation(local_mutation_id + 4)) return arg1 < arg2;
  if (__dredd_enabled_mutation(local_mutation_id + 5)) return arg1;
  if (__dredd_enabled_mutation(local_mutation_id + 6)) return arg2;
  return arg1 >= arg2;
}

static int __dredd_replace_binary_operator_EQ_arg1_unsigned_int_arg2_unsigned_int(unsigned int arg1, unsigned int arg2, int local_mutation_id) {
  if (!__dredd_some_mutation_enabled) return arg1 == arg2;
  if (__dredd_enabled_mutation(local_mutation_id + 0)) return arg1 != arg2;
  if (__dredd_enabled_mutation(local_mutation_id + 1)) return arg1 >= arg2;
  if (__dredd_enabled_mutation(local_mutation_id + 2)) return arg1 > arg2;
  if (__dredd_enabled_mutation(local_mutation_id + 3)) return arg1 <= arg2;
  if (__dredd_enabled_mutation(local_mutation_id + 4)) return arg1 < arg2;
  if (__dredd_enabled_mutation(local_mutation_id + 5)) return arg1;
  if (__dredd_enabled_mutation(local_mutation_id + 6)) return arg2;
  return arg1 == arg2;
}

static bool __dredd_replace_expr_bool(bool arg, int local_mutation_id) {
  if (!__dredd_some_mutation_enabled) return arg;
  if (__dredd_enabled_mutation(local_mutation_id + 0)) return !(arg);
  if (__dredd_enabled_mutation(local_mutation_id + 1)) return 1;
  if (__dredd_enabled_mutation(local_mutation_id + 2)) return 0;
  return arg;
}

#include <stdbool.h>

// Check that optimisations are applied when an unsigned zero literal is used.

bool x_eq_zero(unsigned x) {
  if (!__dredd_enabled_mutation(26)) { return __dredd_replace_expr_bool(__dredd_replace_expr_int(__dredd_replace_binary_operator_EQ_arg1_unsigned_int_arg2_unsigned_int(__dredd_replace_expr_unsigned_int(__dredd_replace_expr_unsigned_int_lvalue(&(x), 0), 2) , __dredd_replace_expr_unsigned_int(0u, 6), 10), 17), 23); }
}

bool x_ne_zero(unsigned x) {
  if (!__dredd_enabled_mutation(53)) { return __dredd_replace_expr_bool(__dredd_replace_expr_int(__dredd_replace_binary_operator_NE_arg1_unsigned_int_arg2_unsigned_int(__dredd_replace_expr_unsigned_int(__dredd_replace_expr_unsigned_int_lvalue(&(x), 27), 29) , __dredd_replace_expr_unsigned_int(0u, 33), 37), 44), 50); }
}

bool x_gt_zero(unsigned x) {
  if (!__dredd_enabled_mutation(80)) { return __dredd_replace_expr_bool(__dredd_replace_expr_int(__dredd_replace_binary_operator_GT_arg1_unsigned_int_arg2_unsigned_int(__dredd_replace_expr_unsigned_int(__dredd_replace_expr_unsigned_int_lvalue(&(x), 54), 56) , __dredd_replace_expr_unsigned_int(0u, 60), 64), 71), 77); }
}

bool x_ge_zero(unsigned x) {
  if (!__dredd_enabled_mutation(107)) { return __dredd_replace_expr_bool(__dredd_replace_expr_int(__dredd_replace_binary_operator_GE_arg1_unsigned_int_arg2_unsigned_int(__dredd_replace_expr_unsigned_int(__dredd_replace_expr_unsigned_int_lvalue(&(x), 81), 83) , __dredd_replace_expr_unsigned_int(0u, 87), 91), 98), 104); }
}

bool x_lt_zero(unsigned x) {
  if (!__dredd_enabled_mutation(134)) { return __dredd_replace_expr_bool(__dredd_replace_expr_int(__dredd_replace_binary_operator_LT_arg1_unsigned_int_arg2_unsigned_int(__dredd_replace_expr_unsigned_int(__dredd_replace_expr_unsigned_int_lvalue(&(x), 108), 110) , __dredd_replace_expr_unsigned_int(0u, 114), 118), 125), 131); }
}

bool x_le_zero(unsigned x) {
  if (!__dredd_enabled_mutation(161)) { return __dredd_replace_expr_bool(__dredd_replace_expr_int(__dredd_replace_binary_operator_LE_arg1_unsigned_int_arg2_unsigned_int(__dredd_replace_expr_unsigned_int(__dredd_replace_expr_unsigned_int_lvalue(&(x), 135), 137) , __dredd_replace_expr_unsigned_int(0u, 141), 145), 152), 158); }
}

bool zero_eq_x(unsigned x) {
  if (!__dredd_enabled_mutation(188)) { return __dredd_replace_expr_bool(__dredd_replace_expr_int(__dredd_replace_binary_operator_EQ_arg1_unsigned_int_arg2_unsigned_int(__dredd_replace_expr_unsigned_int(0u, 162) , __dredd_replace_expr_unsigned_int(__dredd_replace_expr_unsigned_int_lvalue(&(x), 166), 168), 172), 179), 185); }
}

bool zero_ne_x(unsigned x) {
  if (!__dredd_enabled_mutation(215)) { return __dredd_replace_expr_bool(__dredd_replace_expr_int(__dredd_replace_binary_operator_NE_arg1_unsigned_int_arg2_unsigned_int(__dredd_replace_expr_unsigned_int(0u, 189) , __dredd_replace_expr_unsigned_int(__dredd_replace_expr_unsigned_int_lvalue(&(x), 193), 195), 199), 206), 212); }
}

bool zero_gt_x(unsigned x) {
  if (!__dredd_enabled_mutation(242)) { return __dredd_replace_expr_bool(__dredd_replace_expr_int(__dredd_replace_binary_operator_GT_arg1_unsigned_int_arg2_unsigned_int(__dredd_replace_expr_unsigned_int(0u, 216) , __dredd_replace_expr_unsigned_int(__dredd_replace_expr_unsigned_int_lvalue(&(x), 220), 222), 226), 233), 239); }
}

bool zero_ge_x(unsigned x) {
  if (!__dredd_enabled_mutation(269)) { return __dredd_replace_expr_bool(__dredd_replace_expr_int(__dredd_replace_binary_operator_GE_arg1_unsigned_int_arg2_unsigned_int(__dredd_replace_expr_unsigned_int(0u, 243) , __dredd_replace_expr_unsigned_int(__dredd_replace_expr_unsigned_int_lvalue(&(x), 247), 249), 253), 260), 266); }
}

bool zero_lt_x(unsigned x) {
  if (!__dredd_enabled_mutation(296)) { return __dredd_replace_expr_bool(__dredd_replace_expr_int(__dredd_replace_binary_operator_LT_arg1_unsigned_int_arg2_unsigned_int(__dredd_replace_expr_unsigned_int(0u, 270) , __dredd_replace_expr_unsigned_int(__dredd_replace_expr_unsigned_int_lvalue(&(x), 274), 276), 280), 287), 293); }
}

bool zero_le_x(unsigned x) {
  if (!__dredd_enabled_mutation(323)) { return __dredd_replace_expr_bool(__dredd_replace_expr_int(__dredd_replace_binary_operator_LE_arg1_unsigned_int_arg2_unsigned_int(__dredd_replace_expr_unsigned_int(0u, 297) , __dredd_replace_expr_unsigned_int(__dredd_replace_expr_unsigned_int_lvalue(&(x), 301), 303), 307), 314), 320); }
}

// Check that optimisations are applied when a signed zero literal is used.

bool x_eq_signed_zero(unsigned x) {
  if (!__dredd_enabled_mutation(356)) { return __dredd_replace_expr_bool(__dredd_replace_expr_int(__dredd_replace_binary_operator_EQ_arg1_unsigned_int_arg2_unsigned_int(__dredd_replace_expr_unsigned_int(__dredd_replace_expr_unsigned_int_lvalue(&(x), 324), 326) , __dredd_replace_expr_unsigned_int(__dredd_replace_expr_int(0, 330), 336), 340), 347), 353); }
}

bool x_ne_signed_zero(unsigned x) {
  if (!__dredd_enabled_mutation(389)) { return __dredd_replace_expr_bool(__dredd_replace_expr_int(__dredd_replace_binary_operator_NE_arg1_unsigned_int_arg2_unsigned_int(__dredd_replace_expr_unsigned_int(__dredd_replace_expr_unsigned_int_lvalue(&(x), 357), 359) , __dredd_replace_expr_unsigned_int(__dredd_replace_expr_int(0, 363), 369), 373), 380), 386); }
}

bool x_gt_signed_zero(unsigned x) {
  if (!__dredd_enabled_mutation(422)) { return __dredd_replace_expr_bool(__dredd_replace_expr_int(__dredd_replace_binary_operator_GT_arg1_unsigned_int_arg2_unsigned_int(__dredd_replace_expr_unsigned_int(__dredd_replace_expr_unsigned_int_lvalue(&(x), 390), 392) , __dredd_replace_expr_unsigned_int(__dredd_replace_expr_int(0, 396), 402), 406), 413), 419); }
}

bool x_ge_signed_zero(unsigned x) {
  if (!__dredd_enabled_mutation(455)) { return __dredd_replace_expr_bool(__dredd_replace_expr_int(__dredd_replace_binary_operator_GE_arg1_unsigned_int_arg2_unsigned_int(__dredd_replace_expr_unsigned_int(__dredd_replace_expr_unsigned_int_lvalue(&(x), 423), 425) , __dredd_replace_expr_unsigned_int(__dredd_replace_expr_int(0, 429), 435), 439), 446), 452); }
}

bool x_lt_signed_zero(unsigned x) {
  if (!__dredd_enabled_mutation(488)) { return __dredd_replace_expr_bool(__dredd_replace_expr_int(__dredd_replace_binary_operator_LT_arg1_unsigned_int_arg2_unsigned_int(__dredd_replace_expr_unsigned_int(__dredd_replace_expr_unsigned_int_lvalue(&(x), 456), 458) , __dredd_replace_expr_unsigned_int(__dredd_replace_expr_int(0, 462), 468), 472), 479), 485); }
}

bool x_le_signed_zero(unsigned x) {
  if (!__dredd_enabled_mutation(521)) { return __dredd_replace_expr_bool(__dredd_replace_expr_int(__dredd_replace_binary_operator_LE_arg1_unsigned_int_arg2_unsigned_int(__dredd_replace_expr_unsigned_int(__dredd_replace_expr_unsigned_int_lvalue(&(x), 489), 491) , __dredd_replace_expr_unsigned_int(__dredd_replace_expr_int(0, 495), 501), 505), 512), 518); }
}

bool signed_zero_eq_x(unsigned x) {
  if (!__dredd_enabled_mutation(554)) { return __dredd_replace_expr_bool(__dredd_replace_expr_int(__dredd_replace_binary_operator_EQ_arg1_unsigned_int_arg2_unsigned_int(__dredd_replace_expr_unsigned_int(__dredd_replace_expr_int(0, 522), 528) , __dredd_replace_expr_unsigned_int(__dredd_replace_expr_unsigned_int_lvalue(&(x), 532), 534), 538), 545), 551); }
}

bool signed_zero_ne_x(unsigned x) {
  if (!__dredd_enabled_mutation(587)) { return __dredd_replace_expr_bool(__dredd_replace_expr_int(__dredd_replace_binary_operator_NE_arg1_unsigned_int_arg2_unsigned_int(__dredd_replace_expr_unsigned_int(__dredd_replace_expr_int(0, 555), 561) , __dredd_replace_expr_unsigned_int(__dredd_replace_expr_unsigned_int_lvalue(&(x), 565), 567), 571), 578), 584); }
}

bool signed_zero_gt_x(unsigned x) {
  if (!__dredd_enabled_mutation(620)) { return __dredd_replace_expr_bool(__dredd_replace_expr_int(__dredd_replace_binary_operator_GT_arg1_unsigned_int_arg2_unsigned_int(__dredd_replace_expr_unsigned_int(__dredd_replace_expr_int(0, 588), 594) , __dredd_replace_expr_unsigned_int(__dredd_replace_expr_unsigned_int_lvalue(&(x), 598), 600), 604), 611), 617); }
}

bool signed_zero_ge_x(unsigned x) {
  if (!__dredd_enabled_mutation(653)) { return __dredd_replace_expr_bool(__dredd_replace_expr_int(__dredd_replace_binary_operator_GE_arg1_unsigned_int_arg2_unsigned_int(__dredd_replace_expr_unsigned_int(__dredd_replace_expr_int(0, 621), 627) , __dredd_replace_expr_unsigned_int(__dredd_replace_expr_unsigned_int_lvalue(&(x), 631), 633), 637), 644), 650); }
}

bool signed_zero_lt_x(unsigned x) {
  if (!__dredd_enabled_mutation(686)) { return __dredd_replace_expr_bool(__dredd_replace_expr_int(__dredd_replace_binary_operator_LT_arg1_unsigned_int_arg2_unsigned_int(__dredd_replace_expr_unsigned_int(__dredd_replace_expr_int(0, 654), 660) , __dredd_replace_expr_unsigned_int(__dredd_replace_expr_unsigned_int_lvalue(&(x), 664), 666), 670), 677), 683); }
}

bool signed_zero_le_x(unsigned x) {
  if (!__dredd_enabled_mutation(719)) { return __dredd_replace_expr_bool(__dredd_replace_expr_int(__dredd_replace_binary_operator_LE_arg1_unsigned_int_arg2_unsigned_int(__dredd_replace_expr_unsigned_int(__dredd_replace_expr_int(0, 687), 693) , __dredd_replace_expr_unsigned_int(__dredd_replace_expr_unsigned_int_lvalue(&(x), 697), 699), 703), 710), 716); }
}
